nohup: ignoring input
[Translate] 3312 exercises loaded
  [Cache] Loaded 25914 entries
  [af] Afrikaans: 3312/3312 (100.0%) — COMPLETE
  [zu] isiZulu: 2850/3312 → translating 462 remaining...
    Unique uncached: 1548 steps + 453 names + 1309 audio = 3310
    Pool: 3310 texts in 414 groups, 3 workers
      360/3310 (11%) | 12.0/s | ETA: 4.1min | calls: 103
      520/3310 (16%) | 7.9/s | ETA: 5.9min | calls: 189
      808/3310 (24%) | 8.3/s | ETA: 5.0min | calls: 249
      1024/3310 (31%) | 8.0/s | ETA: 4.8min | calls: 328
      1192/3310 (36%) | 7.3/s | ETA: 4.9min | calls: 410
      1408/3310 (43%) | 7.2/s | ETA: 4.4min | calls: 486
      1592/3310 (48%) | 7.1/s | ETA: 4.0min | calls: 555
      1872/3310 (57%) | 7.4/s | ETA: 3.3min | calls: 617
      2096/3310 (63%) | 7.3/s | ETA: 2.8min | calls: 684
      2288/3310 (69%) | 7.2/s | ETA: 2.4min | calls: 771
      2544/3310 (77%) | 7.3/s | ETA: 1.7min | calls: 844
      2864/3310 (87%) | 7.6/s | ETA: 1.0min | calls: 909
      3120/3310 (94%) | 7.6/s | ETA: 0.4min | calls: 979
      3310/3310 (100%) | 7.5/s | ETA: 0.0min | calls: 1038
    Pool done: 3310 ok, 0 errors, 1038 API calls in 442.0s
    Assembled batch 1/10 (50 exercises)
    Assembled batch 2/10 (50 exercises)
    Assembled batch 3/10 (50 exercises)
    Assembled batch 4/10 (50 exercises)
    Assembled batch 5/10 (50 exercises)
    Assembled batch 6/10 (50 exercises)
    Assembled batch 7/10 (50 exercises)
    Assembled batch 8/10 (50 exercises)
    Assembled batch 9/10 (50 exercises)
    Assembled batch 10/10 (12 exercises)
    [zu] Done: 3312/3312 (100.0%) — assembly 1.7s
    Steps: 1994/1994, Leaks: 3, Weak: 0, Errors: 0, Pool calls: 1038
  [xh] isiXhosa: 0/3312 → translating 3312 remaining...
    Unique uncached: 4711 steps + 1295 names + 3854 audio = 9860
    Pool: 9860 texts in 1233 groups, 3 workers
      136/9860 (1%) | 4.4/s | ETA: 36.7min | calls: 85
      344/9860 (3%) | 5.6/s | ETA: 28.4min | calls: 183
      520/9860 (5%) | 5.6/s | ETA: 27.6min | calls: 276
      688/9860 (7%) | 5.6/s | ETA: 27.2min | calls: 365
      824/9860 (8%) | 5.4/s | ETA: 28.1min | calls: 470
      1096/9860 (11%) | 6.0/s | ETA: 24.5min | calls: 548
      1312/9860 (13%) | 6.1/s | ETA: 23.4min | calls: 653
      1544/9860 (16%) | 6.2/s | ETA: 22.2min | calls: 734
      1736/9860 (18%) | 6.2/s | ETA: 21.7min | calls: 830
      1864/9860 (19%) | 6.0/s | ETA: 22.1min | calls: 925
      1984/9860 (20%) | 5.9/s | ETA: 22.4min | calls: 1018
      2168/9860 (22%) | 5.9/s | ETA: 21.9min | calls: 1102
      2392/9860 (24%) | 6.0/s | ETA: 20.8min | calls: 1177
      2608/9860 (26%) | 6.0/s | ETA: 20.0min | calls: 1271
      2784/9860 (28%) | 6.0/s | ETA: 19.7min | calls: 1376
      2968/9860 (30%) | 6.0/s | ETA: 19.2min | calls: 1472
      3192/9860 (32%) | 6.1/s | ETA: 18.4min | calls: 1563
      3480/9860 (35%) | 6.2/s | ETA: 17.0min | calls: 1637
      3696/9860 (37%) | 6.3/s | ETA: 16.3min | calls: 1712
      3824/9860 (39%) | 6.2/s | ETA: 16.3min | calls: 1779
      4072/9860 (41%) | 6.3/s | ETA: 15.4min | calls: 1849
      4280/9860 (43%) | 6.3/s | ETA: 14.8min | calls: 1922
      4512/9860 (46%) | 6.4/s | ETA: 14.0min | calls: 1987
      4720/9860 (48%) | 6.4/s | ETA: 13.4min | calls: 2053
      4880/9860 (49%) | 6.3/s | ETA: 13.1min | calls: 2134
      5064/9860 (51%) | 6.3/s | ETA: 12.7min | calls: 2221
      5248/9860 (53%) | 6.3/s | ETA: 12.2min | calls: 2292
      5544/9860 (56%) | 6.4/s | ETA: 11.2min | calls: 2365
      5672/9860 (58%) | 6.3/s | ETA: 11.0min | calls: 2433
      5896/9860 (60%) | 6.4/s | ETA: 10.4min | calls: 2506
      6088/9860 (62%) | 6.4/s | ETA: 9.9min | calls: 2580
      6264/9860 (64%) | 6.3/s | ETA: 9.5min | calls: 2670
      6576/9860 (67%) | 6.4/s | ETA: 8.5min | calls: 2742
      6704/9860 (68%) | 6.4/s | ETA: 8.3min | calls: 2821
      6896/9860 (70%) | 6.4/s | ETA: 7.8min | calls: 2904
      7120/9860 (72%) | 6.4/s | ETA: 7.1min | calls: 2977
      7392/9860 (75%) | 6.5/s | ETA: 6.4min | calls: 3043
      7544/9860 (77%) | 6.4/s | ETA: 6.0min | calls: 3119
      7688/9860 (78%) | 6.4/s | ETA: 5.7min | calls: 3191
      7888/9860 (80%) | 6.4/s | ETA: 5.2min | calls: 3264
      8016/9860 (81%) | 6.3/s | ETA: 4.9min | calls: 3338
      8136/9860 (83%) | 6.3/s | ETA: 4.6min | calls: 3409
      8440/9860 (86%) | 6.4/s | ETA: 3.7min | calls: 3464
      8608/9860 (87%) | 6.3/s | ETA: 3.3min | calls: 3550
      8800/9860 (89%) | 6.3/s | ETA: 2.8min | calls: 3631
      8984/9860 (91%) | 6.3/s | ETA: 2.3min | calls: 3719
      9264/9860 (94%) | 6.4/s | ETA: 1.6min | calls: 3789
      9472/9860 (96%) | 6.4/s | ETA: 1.0min | calls: 3871
      9632/9860 (98%) | 6.4/s | ETA: 0.6min | calls: 3935
      9816/9860 (100%) | 6.3/s | ETA: 0.1min | calls: 4021
    Pool done: 9858 ok, 2 errors, 4037 API calls in 1557.2s
    Assembled batch 1/67 (50 exercises)
    Assembled batch 2/67 (50 exercises)
    Assembled batch 3/67 (50 exercises)
    Assembled batch 4/67 (50 exercises)
    Assembled batch 5/67 (50 exercises)
    Assembled batch 6/67 (50 exercises)
    Assembled batch 7/67 (50 exercises)
    Assembled batch 8/67 (50 exercises)
    Assembled batch 9/67 (50 exercises)
    Assembled batch 10/67 (50 exercises)
    Assembled batch 11/67 (50 exercises)
    Assembled batch 12/67 (50 exercises)
    Assembled batch 13/67 (50 exercises)
    Assembled batch 14/67 (50 exercises)
    Assembled batch 15/67 (50 exercises)
    Assembled batch 16/67 (50 exercises)
    Assembled batch 17/67 (50 exercises)
    Assembled batch 18/67 (50 exercises)
    Assembled batch 19/67 (50 exercises)
    Assembled batch 20/67 (50 exercises)
    Assembled batch 21/67 (50 exercises)
    Assembled batch 22/67 (50 exercises)
    Assembled batch 23/67 (50 exercises)
    Assembled batch 24/67 (50 exercises)
    Assembled batch 25/67 (50 exercises)
    Assembled batch 26/67 (50 exercises)
    Assembled batch 27/67 (50 exercises)
    Assembled batch 28/67 (50 exercises)
    Assembled batch 29/67 (50 exercises)
    Assembled batch 30/67 (50 exercises)
    Assembled batch 31/67 (50 exercises)
    Assembled batch 32/67 (50 exercises)
    Assembled batch 33/67 (50 exercises)
    Assembled batch 34/67 (50 exercises)
    Assembled batch 35/67 (50 exercises)
    Assembled batch 36/67 (50 exercises)
    Assembled batch 37/67 (50 exercises)
    Assembled batch 38/67 (50 exercises)
    Assembled batch 39/67 (50 exercises)
    Assembled batch 40/67 (50 exercises)
    Assembled batch 41/67 (50 exercises)
    Assembled batch 42/67 (50 exercises)
    Assembled batch 43/67 (50 exercises)
    Assembled batch 44/67 (50 exercises)
    Assembled batch 45/67 (50 exercises)
    Assembled batch 46/67 (50 exercises)
    Assembled batch 47/67 (50 exercises)
    Assembled batch 48/67 (50 exercises)
    Assembled batch 49/67 (50 exercises)
    Assembled batch 50/67 (50 exercises)
    Assembled batch 51/67 (50 exercises)
    Assembled batch 52/67 (50 exercises)
    Assembled batch 53/67 (50 exercises)
    Assembled batch 54/67 (50 exercises)
    Assembled batch 55/67 (50 exercises)
    Assembled batch 56/67 (50 exercises)
    Assembled batch 57/67 (50 exercises)
    Assembled batch 58/67 (50 exercises)
    Assembled batch 59/67 (50 exercises)
    Assembled batch 60/67 (50 exercises)
    Assembled batch 61/67 (50 exercises)
    Assembled batch 62/67 (50 exercises)
    Assembled batch 63/67 (50 exercises)
    Assembled batch 64/67 (50 exercises)
    Assembled batch 65/67 (50 exercises)
    Assembled batch 66/67 (50 exercises)
    Assembled batch 67/67 (12 exercises)
    [xh] Done: 3312/3312 (100.0%) — assembly 26.8s
    Steps: 13534/13536, Leaks: 29, Weak: 0, Errors: 2, Pool calls: 4037
  [st] Sesotho: 0/3312 → translating 3312 remaining...
    Unique uncached: 4711 steps + 1295 names + 3854 audio = 9860
    Pool: 9860 texts in 1233 groups, 3 workers
      432/9860 (4%) | 14.1/s | ETA: 11.2min | calls: 54
      888/9860 (9%) | 14.5/s | ETA: 10.3min | calls: 111
      1296/9860 (13%) | 14.1/s | ETA: 10.1min | calls: 169
      1752/9860 (18%) | 14.4/s | ETA: 9.4min | calls: 227
      2208/9860 (22%) | 14.4/s | ETA: 8.9min | calls: 293
      2632/9860 (27%) | 14.3/s | ETA: 8.4min | calls: 361
      3120/9860 (32%) | 14.6/s | ETA: 7.7min | calls: 422
      3560/9860 (36%) | 14.5/s | ETA: 7.2min | calls: 477
      3928/9860 (40%) | 14.2/s | ETA: 6.9min | calls: 536
      4232/9860 (43%) | 13.8/s | ETA: 6.8min | calls: 595
      4592/9860 (47%) | 13.6/s | ETA: 6.5min | calls: 645
      4928/9860 (50%) | 13.4/s | ETA: 6.2min | calls: 706
      5344/9860 (54%) | 13.3/s | ETA: 5.6min | calls: 758
      5720/9860 (58%) | 13.2/s | ETA: 5.2min | calls: 812
      5952/9860 (60%) | 12.8/s | ETA: 5.1min | calls: 847
      6072/9860 (62%) | 12.3/s | ETA: 5.1min | calls: 870
      6168/9860 (63%) | 11.7/s | ETA: 5.2min | calls: 885
      6296/9860 (64%) | 11.1/s | ETA: 5.3min | calls: 909
      6616/9860 (67%) | 11.1/s | ETA: 4.9min | calls: 957
      6976/9860 (71%) | 11.2/s | ETA: 4.3min | calls: 1016
      7336/9860 (74%) | 11.2/s | ETA: 3.8min | calls: 1071
      7672/9860 (78%) | 11.2/s | ETA: 3.3min | calls: 1133
      8040/9860 (82%) | 11.2/s | ETA: 2.7min | calls: 1191
      8280/9860 (84%) | 11.1/s | ETA: 2.4min | calls: 1239
      8632/9860 (88%) | 11.1/s | ETA: 1.8min | calls: 1289
      9040/9860 (92%) | 11.2/s | ETA: 1.2min | calls: 1342
      9360/9860 (95%) | 11.1/s | ETA: 0.7min | calls: 1406
      9736/9860 (99%) | 11.2/s | ETA: 0.2min | calls: 1459
    Pool done: 9859 ok, 1 errors, 1491 API calls in 890.1s
    Assembled batch 1/67 (50 exercises)
    Assembled batch 2/67 (50 exercises)
    Assembled batch 3/67 (50 exercises)
    Assembled batch 4/67 (50 exercises)
    Assembled batch 5/67 (50 exercises)
    Assembled batch 6/67 (50 exercises)
    Assembled batch 7/67 (50 exercises)
    Assembled batch 8/67 (50 exercises)
    Assembled batch 9/67 (50 exercises)
    Assembled batch 10/67 (50 exercises)
    Assembled batch 11/67 (50 exercises)
    Assembled batch 12/67 (50 exercises)
    Assembled batch 13/67 (50 exercises)
    Assembled batch 14/67 (50 exercises)
    Assembled batch 15/67 (50 exercises)
    Assembled batch 16/67 (50 exercises)
    Assembled batch 17/67 (50 exercises)
    Assembled batch 18/67 (50 exercises)
    Assembled batch 19/67 (50 exercises)
    Assembled batch 20/67 (50 exercises)
    Assembled batch 21/67 (50 exercises)
    Assembled batch 22/67 (50 exercises)
    Assembled batch 23/67 (50 exercises)
    Assembled batch 24/67 (50 exercises)
    Assembled batch 25/67 (50 exercises)
    Assembled batch 26/67 (50 exercises)
    Assembled batch 27/67 (50 exercises)
    Assembled batch 28/67 (50 exercises)
    Assembled batch 29/67 (50 exercises)
    Assembled batch 30/67 (50 exercises)
    Assembled batch 31/67 (50 exercises)
    Assembled batch 32/67 (50 exercises)
    Assembled batch 33/67 (50 exercises)
    Assembled batch 34/67 (50 exercises)
    Assembled batch 35/67 (50 exercises)
    Assembled batch 36/67 (50 exercises)
    Assembled batch 37/67 (50 exercises)
    Assembled batch 38/67 (50 exercises)
    Assembled batch 39/67 (50 exercises)
    Assembled batch 40/67 (50 exercises)
    Assembled batch 41/67 (50 exercises)
    Assembled batch 42/67 (50 exercises)
    Assembled batch 43/67 (50 exercises)
    Assembled batch 44/67 (50 exercises)
    Assembled batch 45/67 (50 exercises)
    Assembled batch 46/67 (50 exercises)
    Assembled batch 47/67 (50 exercises)
    Assembled batch 48/67 (50 exercises)
    Assembled batch 49/67 (50 exercises)
    Assembled batch 50/67 (50 exercises)
    Assembled batch 51/67 (50 exercises)
    Assembled batch 52/67 (50 exercises)
    Assembled batch 53/67 (50 exercises)
    Assembled batch 54/67 (50 exercises)
    Assembled batch 55/67 (50 exercises)
    Assembled batch 56/67 (50 exercises)
    Assembled batch 57/67 (50 exercises)
    Assembled batch 58/67 (50 exercises)
    Assembled batch 59/67 (50 exercises)
    Assembled batch 60/67 (50 exercises)
    Assembled batch 61/67 (50 exercises)
    Assembled batch 62/67 (50 exercises)
    Assembled batch 63/67 (50 exercises)
    Assembled batch 64/67 (50 exercises)
    Assembled batch 65/67 (50 exercises)
    Assembled batch 66/67 (50 exercises)
    Assembled batch 67/67 (12 exercises)
    [st] Done: 3312/3312 (100.0%) — assembly 14.7s
    Steps: 13534/13536, Leaks: 116, Weak: 1, Errors: 2, Pool calls: 1491
  [es] Español: 3312/3312 (100.0%) — COMPLETE
  [fr] Français: 0/3312 → translating 3312 remaining...
    Unique uncached: 4711 steps + 1295 names + 3854 audio = 9860
    Pool: 9860 texts in 1233 groups, 3 workers
      808/9860 (8%) | 26.8/s | ETA: 5.6min | calls: 101
      1456/9860 (15%) | 23.8/s | ETA: 5.9min | calls: 182
      2096/9860 (21%) | 22.9/s | ETA: 5.7min | calls: 262
      2680/9860 (27%) | 21.9/s | ETA: 5.5min | calls: 335
      3352/9860 (34%) | 22.0/s | ETA: 4.9min | calls: 419
      3928/9860 (40%) | 21.5/s | ETA: 4.6min | calls: 491
      4488/9860 (46%) | 21.1/s | ETA: 4.2min | calls: 571
      5112/9860 (52%) | 21.0/s | ETA: 3.8min | calls: 649
      5696/9860 (58%) | 20.8/s | ETA: 3.3min | calls: 724
      6240/9860 (63%) | 20.5/s | ETA: 2.9min | calls: 798
      6632/9860 (67%) | 19.8/s | ETA: 2.7min | calls: 855
      7136/9860 (72%) | 19.5/s | ETA: 2.3min | calls: 918
      7712/9860 (78%) | 19.5/s | ETA: 1.8min | calls: 995
      8128/9860 (82%) | 18.7/s | ETA: 1.5min | calls: 1050
      8216/9860 (83%) | 17.3/s | ETA: 1.6min | calls: 1067
      8760/9860 (89%) | 17.3/s | ETA: 1.1min | calls: 1138
      9264/9860 (94%) | 17.3/s | ETA: 0.6min | calls: 1200
      9744/9860 (99%) | 17.2/s | ETA: 0.1min | calls: 1260
    Pool done: 9859 ok, 1 errors, 1275 API calls in 578.2s
    Assembled batch 1/67 (50 exercises)
    Assembled batch 2/67 (50 exercises)
    Assembled batch 3/67 (50 exercises)
    Assembled batch 4/67 (50 exercises)
    Assembled batch 5/67 (50 exercises)
    Assembled batch 6/67 (50 exercises)
    Assembled batch 7/67 (50 exercises)
    Assembled batch 8/67 (50 exercises)
    Assembled batch 9/67 (50 exercises)
    Assembled batch 10/67 (50 exercises)
    Assembled batch 11/67 (50 exercises)
    Assembled batch 12/67 (50 exercises)
    Assembled batch 13/67 (50 exercises)
    Assembled batch 14/67 (50 exercises)
    Assembled batch 15/67 (50 exercises)
    Assembled batch 16/67 (50 exercises)
    Assembled batch 17/67 (50 exercises)
    Assembled batch 18/67 (50 exercises)
    Assembled batch 19/67 (50 exercises)
    Assembled batch 20/67 (50 exercises)
    Assembled batch 21/67 (50 exercises)
    Assembled batch 22/67 (50 exercises)
    Assembled batch 23/67 (50 exercises)
    Assembled batch 24/67 (50 exercises)
    Assembled batch 25/67 (50 exercises)
    Assembled batch 26/67 (50 exercises)
    Assembled batch 27/67 (50 exercises)
    Assembled batch 28/67 (50 exercises)
    Assembled batch 29/67 (50 exercises)
    Assembled batch 30/67 (50 exercises)
    Assembled batch 31/67 (50 exercises)
    Assembled batch 32/67 (50 exercises)
    Assembled batch 33/67 (50 exercises)
    Assembled batch 34/67 (50 exercises)
    Assembled batch 35/67 (50 exercises)
    Assembled batch 36/67 (50 exercises)
    Assembled batch 37/67 (50 exercises)
    Assembled batch 38/67 (50 exercises)
    Assembled batch 39/67 (50 exercises)
    Assembled batch 40/67 (50 exercises)
    Assembled batch 41/67 (50 exercises)
    Assembled batch 42/67 (50 exercises)
    Assembled batch 43/67 (50 exercises)
    Assembled batch 44/67 (50 exercises)
    Assembled batch 45/67 (50 exercises)
    Assembled batch 46/67 (50 exercises)
    Assembled batch 47/67 (50 exercises)
    Assembled batch 48/67 (50 exercises)
    Assembled batch 49/67 (50 exercises)
    Assembled batch 50/67 (50 exercises)
    Assembled batch 51/67 (50 exercises)
    Assembled batch 52/67 (50 exercises)
    Assembled batch 53/67 (50 exercises)
    Assembled batch 54/67 (50 exercises)
    Assembled batch 55/67 (50 exercises)
    Assembled batch 56/67 (50 exercises)
    Assembled batch 57/67 (50 exercises)
    Assembled batch 58/67 (50 exercises)
    Assembled batch 59/67 (50 exercises)
    Assembled batch 60/67 (50 exercises)
    Assembled batch 61/67 (50 exercises)
    Assembled batch 62/67 (50 exercises)
    Assembled batch 63/67 (50 exercises)
    Assembled batch 64/67 (50 exercises)
    Assembled batch 65/67 (50 exercises)
    Assembled batch 66/67 (50 exercises)
    Assembled batch 67/67 (12 exercises)
    [fr] Done: 3312/3312 (100.0%) — assembly 39.3s
    Steps: 13534/13536, Leaks: 4, Weak: 0, Errors: 2, Pool calls: 1275
  [de] Deutsch: 0/3312 → translating 3312 remaining...
    Unique uncached: 4711 steps + 1295 names + 3854 audio = 9860
    Pool: 9860 texts in 1233 groups, 3 workers
      448/9860 (5%) | 14.6/s | ETA: 10.7min | calls: 56
      968/9860 (10%) | 15.9/s | ETA: 9.3min | calls: 121
      1440/9860 (15%) | 15.8/s | ETA: 8.9min | calls: 180
      1960/9860 (20%) | 16.2/s | ETA: 8.1min | calls: 245
      2424/9860 (25%) | 16.0/s | ETA: 7.7min | calls: 304
      2896/9860 (29%) | 15.9/s | ETA: 7.3min | calls: 362
      3168/9860 (32%) | 14.9/s | ETA: 7.5min | calls: 396
      3480/9860 (35%) | 14.3/s | ETA: 7.5min | calls: 437
      3944/9860 (40%) | 14.4/s | ETA: 6.9min | calls: 498
      4288/9860 (43%) | 14.1/s | ETA: 6.6min | calls: 554
      4672/9860 (47%) | 13.9/s | ETA: 6.2min | calls: 610
      5056/9860 (51%) | 13.8/s | ETA: 5.8min | calls: 658
      5552/9860 (56%) | 14.0/s | ETA: 5.1min | calls: 720
      5912/9860 (60%) | 13.9/s | ETA: 4.7min | calls: 775
      6320/9860 (64%) | 13.8/s | ETA: 4.3min | calls: 843
      6784/9860 (69%) | 13.9/s | ETA: 3.7min | calls: 906
      7144/9860 (72%) | 13.8/s | ETA: 3.3min | calls: 967
      7584/9860 (77%) | 13.8/s | ETA: 2.7min | calls: 1023
      7920/9860 (80%) | 13.7/s | ETA: 2.4min | calls: 1081
      8184/9860 (83%) | 13.4/s | ETA: 2.1min | calls: 1136
      8672/9860 (88%) | 13.5/s | ETA: 1.5min | calls: 1198
      9088/9860 (92%) | 13.5/s | ETA: 1.0min | calls: 1255
      9448/9860 (96%) | 13.5/s | ETA: 0.5min | calls: 1319
      9860/9860 (100%) | 13.5/s | ETA: 0.0min | calls: 1379
    Pool done: 9859 ok, 1 errors, 1379 API calls in 732.7s
    Assembled batch 1/67 (50 exercises)
    Assembled batch 2/67 (50 exercises)
    Assembled batch 3/67 (50 exercises)
    Assembled batch 4/67 (50 exercises)
    Assembled batch 5/67 (50 exercises)
    Assembled batch 6/67 (50 exercises)
    Assembled batch 7/67 (50 exercises)
    Assembled batch 8/67 (50 exercises)
    Assembled batch 9/67 (50 exercises)
    Assembled batch 10/67 (50 exercises)
    Assembled batch 11/67 (50 exercises)
    Assembled batch 12/67 (50 exercises)
    Assembled batch 13/67 (50 exercises)
    Assembled batch 14/67 (50 exercises)
    Assembled batch 15/67 (50 exercises)
    Assembled batch 16/67 (50 exercises)
    Assembled batch 17/67 (50 exercises)
    Assembled batch 18/67 (50 exercises)
    Assembled batch 19/67 (50 exercises)
    Assembled batch 20/67 (50 exercises)
    Assembled batch 21/67 (50 exercises)
    Assembled batch 22/67 (50 exercises)
    Assembled batch 23/67 (50 exercises)
    Assembled batch 24/67 (50 exercises)
    Assembled batch 25/67 (50 exercises)
    Assembled batch 26/67 (50 exercises)
    Assembled batch 27/67 (50 exercises)
    Assembled batch 28/67 (50 exercises)
    Assembled batch 29/67 (50 exercises)
    Assembled batch 30/67 (50 exercises)
    Assembled batch 31/67 (50 exercises)
    Assembled batch 32/67 (50 exercises)
    Assembled batch 33/67 (50 exercises)
    Assembled batch 34/67 (50 exercises)
    Assembled batch 35/67 (50 exercises)
    Assembled batch 36/67 (50 exercises)
    Assembled batch 37/67 (50 exercises)
    Assembled batch 38/67 (50 exercises)
    Assembled batch 39/67 (50 exercises)
    Assembled batch 40/67 (50 exercises)
    Assembled batch 41/67 (50 exercises)
    Assembled batch 42/67 (50 exercises)
    Assembled batch 43/67 (50 exercises)
    Assembled batch 44/67 (50 exercises)
    Assembled batch 45/67 (50 exercises)
    Assembled batch 46/67 (50 exercises)
    Assembled batch 47/67 (50 exercises)
    Assembled batch 48/67 (50 exercises)
    Assembled batch 49/67 (50 exercises)
    Assembled batch 50/67 (50 exercises)
    Assembled batch 51/67 (50 exercises)
    Assembled batch 52/67 (50 exercises)
    Assembled batch 53/67 (50 exercises)
    Assembled batch 54/67 (50 exercises)
    Assembled batch 55/67 (50 exercises)
    Assembled batch 56/67 (50 exercises)
    Assembled batch 57/67 (50 exercises)
    Assembled batch 58/67 (50 exercises)
    Assembled batch 59/67 (50 exercises)
    Assembled batch 60/67 (50 exercises)
    Assembled batch 61/67 (50 exercises)
    Assembled batch 62/67 (50 exercises)
    Assembled batch 63/67 (50 exercises)
    Assembled batch 64/67 (50 exercises)
    Assembled batch 65/67 (50 exercises)
    Assembled batch 66/67 (50 exercises)
    Assembled batch 67/67 (12 exercises)
    [de] Done: 3312/3312 (100.0%) — assembly 19.2s
    Steps: 13534/13536, Leaks: 13, Weak: 0, Errors: 2, Pool calls: 1379
  [pt] Português: 0/3312 → translating 3312 remaining...
    Unique uncached: 4711 steps + 1295 names + 3854 audio = 9860
    Pool: 9860 texts in 1233 groups, 3 workers
      536/9860 (5%) | 17.7/s | ETA: 8.8min | calls: 67
      1128/9860 (11%) | 18.7/s | ETA: 7.8min | calls: 141
      1696/9860 (17%) | 18.7/s | ETA: 7.3min | calls: 212
      2240/9860 (23%) | 18.5/s | ETA: 6.9min | calls: 280
      2768/9860 (28%) | 18.2/s | ETA: 6.5min | calls: 346
      3336/9860 (34%) | 18.3/s | ETA: 5.9min | calls: 417
      3912/9860 (40%) | 18.3/s | ETA: 5.4min | calls: 491
      4344/9860 (44%) | 17.8/s | ETA: 5.2min | calls: 561
      4760/9860 (48%) | 17.4/s | ETA: 4.9min | calls: 613
      5232/9860 (53%) | 17.2/s | ETA: 4.5min | calls: 672
      5640/9860 (57%) | 16.8/s | ETA: 4.2min | calls: 731
      6104/9860 (62%) | 16.7/s | ETA: 3.7min | calls: 797
      6608/9860 (67%) | 16.7/s | ETA: 3.2min | calls: 868
      7056/9860 (72%) | 16.5/s | ETA: 2.8min | calls: 932
      7584/9860 (77%) | 16.6/s | ETA: 2.3min | calls: 998
      8096/9860 (82%) | 16.6/s | ETA: 1.8min | calls: 1070
      8568/9860 (87%) | 16.6/s | ETA: 1.3min | calls: 1137
      9088/9860 (92%) | 16.6/s | ETA: 0.8min | calls: 1207
      9568/9860 (97%) | 16.6/s | ETA: 0.3min | calls: 1278
    Pool done: 9859 ok, 1 errors, 1323 API calls in 597.8s
    Assembled batch 1/67 (50 exercises)
    Assembled batch 2/67 (50 exercises)
    Assembled batch 3/67 (50 exercises)
    Assembled batch 4/67 (50 exercises)
    Assembled batch 5/67 (50 exercises)
    Assembled batch 6/67 (50 exercises)
    Assembled batch 7/67 (50 exercises)
    Assembled batch 8/67 (50 exercises)
    Assembled batch 9/67 (50 exercises)
    Assembled batch 10/67 (50 exercises)
    Assembled batch 11/67 (50 exercises)
    Assembled batch 12/67 (50 exercises)
    Assembled batch 13/67 (50 exercises)
    Assembled batch 14/67 (50 exercises)
    Assembled batch 15/67 (50 exercises)
    Assembled batch 16/67 (50 exercises)
    Assembled batch 17/67 (50 exercises)
    Assembled batch 18/67 (50 exercises)
    Assembled batch 19/67 (50 exercises)
    Assembled batch 20/67 (50 exercises)
    Assembled batch 21/67 (50 exercises)
    Assembled batch 22/67 (50 exercises)
    Assembled batch 23/67 (50 exercises)
    Assembled batch 24/67 (50 exercises)
    Assembled batch 25/67 (50 exercises)
    Assembled batch 26/67 (50 exercises)
    Assembled batch 27/67 (50 exercises)
    Assembled batch 28/67 (50 exercises)
    Assembled batch 29/67 (50 exercises)
    Assembled batch 30/67 (50 exercises)
    Assembled batch 31/67 (50 exercises)
    Assembled batch 32/67 (50 exercises)
    Assembled batch 33/67 (50 exercises)
    Assembled batch 34/67 (50 exercises)
    Assembled batch 35/67 (50 exercises)
    Assembled batch 36/67 (50 exercises)
    Assembled batch 37/67 (50 exercises)
    Assembled batch 38/67 (50 exercises)
    Assembled batch 39/67 (50 exercises)
    Assembled batch 40/67 (50 exercises)
    Assembled batch 41/67 (50 exercises)
    Assembled batch 42/67 (50 exercises)
    Assembled batch 43/67 (50 exercises)
    Assembled batch 44/67 (50 exercises)
    Assembled batch 45/67 (50 exercises)
    Assembled batch 46/67 (50 exercises)
    Assembled batch 47/67 (50 exercises)
    Assembled batch 48/67 (50 exercises)
    Assembled batch 49/67 (50 exercises)
    Assembled batch 50/67 (50 exercises)
    Assembled batch 51/67 (50 exercises)
    Assembled batch 52/67 (50 exercises)
    Assembled batch 53/67 (50 exercises)
    Assembled batch 54/67 (50 exercises)
    Assembled batch 55/67 (50 exercises)
    Assembled batch 56/67 (50 exercises)
    Assembled batch 57/67 (50 exercises)
    Assembled batch 58/67 (50 exercises)
    Assembled batch 59/67 (50 exercises)
    Assembled batch 60/67 (50 exercises)
    Assembled batch 61/67 (50 exercises)
    Assembled batch 62/67 (50 exercises)
    Assembled batch 63/67 (50 exercises)
    Assembled batch 64/67 (50 exercises)
    Assembled batch 65/67 (50 exercises)
    Assembled batch 66/67 (50 exercises)
    Assembled batch 67/67 (12 exercises)
    [pt] Done: 3312/3312 (100.0%) — assembly 21.5s
    Steps: 13534/13536, Leaks: 2, Weak: 0, Errors: 2, Pool calls: 1323
  [zh] 中文: 0/3312 → translating 3312 remaining...
    Unique uncached: 4711 steps + 1295 names + 3854 audio = 9860
    Pool: 9860 texts in 1233 groups, 3 workers
      480/9860 (5%) | 15.6/s | ETA: 10.0min | calls: 60
      1008/9860 (10%) | 16.6/s | ETA: 8.9min | calls: 126
      1544/9860 (16%) | 16.9/s | ETA: 8.2min | calls: 193
      2080/9860 (21%) | 17.1/s | ETA: 7.6min | calls: 260
      2600/9860 (26%) | 17.1/s | ETA: 7.1min | calls: 325
      3096/9860 (31%) | 16.6/s | ETA: 6.8min | calls: 388
      3696/9860 (37%) | 17.1/s | ETA: 6.0min | calls: 462
      4184/9860 (42%) | 17.0/s | ETA: 5.6min | calls: 541
      4624/9860 (47%) | 16.7/s | ETA: 5.2min | calls: 597
      5144/9860 (52%) | 16.7/s | ETA: 4.7min | calls: 669
      5648/9860 (57%) | 16.7/s | ETA: 4.2min | calls: 733
      6064/9860 (62%) | 16.5/s | ETA: 3.8min | calls: 808
      6496/9860 (66%) | 16.3/s | ETA: 3.4min | calls: 878
      6896/9860 (70%) | 16.1/s | ETA: 3.1min | calls: 952
      7392/9860 (75%) | 16.1/s | ETA: 2.6min | calls: 1022
      7856/9860 (80%) | 16.0/s | ETA: 2.1min | calls: 1096
      8224/9860 (83%) | 15.8/s | ETA: 1.7min | calls: 1170
      8656/9860 (88%) | 15.7/s | ETA: 1.3min | calls: 1228
      9080/9860 (92%) | 15.6/s | ETA: 0.8min | calls: 1286
      9456/9860 (96%) | 15.4/s | ETA: 0.4min | calls: 1352
      9832/9860 (100%) | 15.3/s | ETA: 0.0min | calls: 1415
    Pool done: 9859 ok, 1 errors, 1419 API calls in 646.2s
    Assembled batch 1/67 (50 exercises)
    Assembled batch 2/67 (50 exercises)
    Assembled batch 3/67 (50 exercises)
    Assembled batch 4/67 (50 exercises)
    Assembled batch 5/67 (50 exercises)
    Assembled batch 6/67 (50 exercises)
    Assembled batch 7/67 (50 exercises)
    Assembled batch 8/67 (50 exercises)
    Assembled batch 9/67 (50 exercises)
    Assembled batch 10/67 (50 exercises)
    Assembled batch 11/67 (50 exercises)
    Assembled batch 12/67 (50 exercises)
    Assembled batch 13/67 (50 exercises)
    Assembled batch 14/67 (50 exercises)
    Assembled batch 15/67 (50 exercises)
    Assembled batch 16/67 (50 exercises)
    Assembled batch 17/67 (50 exercises)
    Assembled batch 18/67 (50 exercises)
    Assembled batch 19/67 (50 exercises)
    Assembled batch 20/67 (50 exercises)
    Assembled batch 21/67 (50 exercises)
    Assembled batch 22/67 (50 exercises)
    Assembled batch 23/67 (50 exercises)
    Assembled batch 24/67 (50 exercises)
    Assembled batch 25/67 (50 exercises)
    Assembled batch 26/67 (50 exercises)
    Assembled batch 27/67 (50 exercises)
    Assembled batch 28/67 (50 exercises)
    Assembled batch 29/67 (50 exercises)
    Assembled batch 30/67 (50 exercises)
    Assembled batch 31/67 (50 exercises)
    Assembled batch 32/67 (50 exercises)
    Assembled batch 33/67 (50 exercises)
    Assembled batch 34/67 (50 exercises)
    Assembled batch 35/67 (50 exercises)
    Assembled batch 36/67 (50 exercises)
    Assembled batch 37/67 (50 exercises)
    Assembled batch 38/67 (50 exercises)
    Assembled batch 39/67 (50 exercises)
    Assembled batch 40/67 (50 exercises)
    Assembled batch 41/67 (50 exercises)
    Assembled batch 42/67 (50 exercises)
    Assembled batch 43/67 (50 exercises)
    Assembled batch 44/67 (50 exercises)
    Assembled batch 45/67 (50 exercises)
    Assembled batch 46/67 (50 exercises)
    Assembled batch 47/67 (50 exercises)
    Assembled batch 48/67 (50 exercises)
    Assembled batch 49/67 (50 exercises)
    Assembled batch 50/67 (50 exercises)
    Assembled batch 51/67 (50 exercises)
    Assembled batch 52/67 (50 exercises)
    Assembled batch 53/67 (50 exercises)
    Assembled batch 54/67 (50 exercises)
    Assembled batch 55/67 (50 exercises)
    Assembled batch 56/67 (50 exercises)
    Assembled batch 57/67 (50 exercises)
    Assembled batch 58/67 (50 exercises)
    Assembled batch 59/67 (50 exercises)
    Assembled batch 60/67 (50 exercises)
    Assembled batch 61/67 (50 exercises)
    Assembled batch 62/67 (50 exercises)
    Assembled batch 63/67 (50 exercises)
    Assembled batch 64/67 (50 exercises)
    Assembled batch 65/67 (50 exercises)
    Assembled batch 66/67 (50 exercises)
    Assembled batch 67/67 (12 exercises)
    [zh] Done: 3312/3312 (100.0%) — assembly 18.6s
    Steps: 13534/13536, Leaks: 0, Weak: 17, Errors: 2, Pool calls: 1419
  [ja] 日本語: 0/3312 → translating 3312 remaining...
    Unique uncached: 4711 steps + 1295 names + 3854 audio = 9860
    Pool: 9860 texts in 1233 groups, 3 workers
      640/9860 (6%) | 20.8/s | ETA: 7.4min | calls: 93
      1336/9860 (14%) | 22.0/s | ETA: 6.5min | calls: 199
      2072/9860 (21%) | 22.7/s | ETA: 5.7min | calls: 291
      2856/9860 (29%) | 23.6/s | ETA: 5.0min | calls: 389
      3656/9860 (37%) | 24.1/s | ETA: 4.3min | calls: 520
      4168/9860 (42%) | 22.9/s | ETA: 4.1min | calls: 627
      4736/9860 (48%) | 22.3/s | ETA: 3.8min | calls: 746
      5328/9860 (54%) | 21.8/s | ETA: 3.5min | calls: 862
      5920/9860 (60%) | 21.6/s | ETA: 3.0min | calls: 958
      6424/9860 (65%) | 21.1/s | ETA: 2.7min | calls: 1069
      7016/9860 (71%) | 21.0/s | ETA: 2.3min | calls: 1183
      7592/9860 (77%) | 20.8/s | ETA: 1.8min | calls: 1295
      8128/9860 (82%) | 20.6/s | ETA: 1.4min | calls: 1403
      8560/9860 (87%) | 20.1/s | ETA: 1.1min | calls: 1504
      9072/9860 (92%) | 19.9/s | ETA: 0.7min | calls: 1611
      9544/9860 (97%) | 19.7/s | ETA: 0.3min | calls: 1715
    Pool done: 9859 ok, 1 errors, 1803 API calls in 512.3s
    Assembled batch 1/67 (50 exercises)
    Assembled batch 2/67 (50 exercises)
    Assembled batch 3/67 (50 exercises)
    Assembled batch 4/67 (50 exercises)
    Assembled batch 5/67 (50 exercises)
    Assembled batch 6/67 (50 exercises)
    Assembled batch 7/67 (50 exercises)
    Assembled batch 8/67 (50 exercises)
    Assembled batch 9/67 (50 exercises)
    Assembled batch 10/67 (50 exercises)
    Assembled batch 11/67 (50 exercises)
    Assembled batch 12/67 (50 exercises)
    Assembled batch 13/67 (50 exercises)
    Assembled batch 14/67 (50 exercises)
    Assembled batch 15/67 (50 exercises)
    Assembled batch 16/67 (50 exercises)
    Assembled batch 17/67 (50 exercises)
    Assembled batch 18/67 (50 exercises)
    Assembled batch 19/67 (50 exercises)
    Assembled batch 20/67 (50 exercises)
    Assembled batch 21/67 (50 exercises)
    Assembled batch 22/67 (50 exercises)
    Assembled batch 23/67 (50 exercises)
    Assembled batch 24/67 (50 exercises)
    Assembled batch 25/67 (50 exercises)
    Assembled batch 26/67 (50 exercises)
    Assembled batch 27/67 (50 exercises)
    Assembled batch 28/67 (50 exercises)
    Assembled batch 29/67 (50 exercises)
    Assembled batch 30/67 (50 exercises)
    Assembled batch 31/67 (50 exercises)
    Assembled batch 32/67 (50 exercises)
    Assembled batch 33/67 (50 exercises)
    Assembled batch 34/67 (50 exercises)
    Assembled batch 35/67 (50 exercises)
    Assembled batch 36/67 (50 exercises)
    Assembled batch 37/67 (50 exercises)
    Assembled batch 38/67 (50 exercises)
    Assembled batch 39/67 (50 exercises)
    Assembled batch 40/67 (50 exercises)
    Assembled batch 41/67 (50 exercises)
    Assembled batch 42/67 (50 exercises)
    Assembled batch 43/67 (50 exercises)
    Assembled batch 44/67 (50 exercises)
    Assembled batch 45/67 (50 exercises)
    Assembled batch 46/67 (50 exercises)
    Assembled batch 47/67 (50 exercises)
    Assembled batch 48/67 (50 exercises)
    Assembled batch 49/67 (50 exercises)
    Assembled batch 50/67 (50 exercises)
    Assembled batch 51/67 (50 exercises)
    Assembled batch 52/67 (50 exercises)
    Assembled batch 53/67 (50 exercises)
    Assembled batch 54/67 (50 exercises)
    Assembled batch 55/67 (50 exercises)
    Assembled batch 56/67 (50 exercises)
    Assembled batch 57/67 (50 exercises)
    Assembled batch 58/67 (50 exercises)
    Assembled batch 59/67 (50 exercises)
    Assembled batch 60/67 (50 exercises)
    Assembled batch 61/67 (50 exercises)
    Assembled batch 62/67 (50 exercises)
    Assembled batch 63/67 (50 exercises)
    Assembled batch 64/67 (50 exercises)
    Assembled batch 65/67 (50 exercises)
    Assembled batch 66/67 (50 exercises)
    Assembled batch 67/67 (12 exercises)
    [ja] Done: 3312/3312 (100.0%) — assembly 22.3s
    Steps: 13534/13536, Leaks: 0, Weak: 0, Errors: 2, Pool calls: 1803
  [ko] 한국어: 3312/3312 (100.0%) — COMPLETE
  [ar] العربية: 3312/3312 (100.0%) — COMPLETE
  [hi] हिन्दी: 0/3312 → translating 3312 remaining...
    Unique uncached: 4711 steps + 1295 names + 3854 audio = 9860
    Pool: 9860 texts in 1233 groups, 3 workers
      968/9860 (10%) | 31.9/s | ETA: 4.6min | calls: 137
      1928/9860 (20%) | 31.8/s | ETA: 4.2min | calls: 257
      2928/9860 (30%) | 32.3/s | ETA: 3.6min | calls: 382
      3784/9860 (38%) | 31.3/s | ETA: 3.2min | calls: 505
      4400/9860 (45%) | 29.1/s | ETA: 3.1min | calls: 611
      5040/9860 (51%) | 27.7/s | ETA: 2.9min | calls: 712
      5424/9860 (55%) | 25.6/s | ETA: 2.9min | calls: 760
      5952/9860 (60%) | 24.6/s | ETA: 2.7min | calls: 847
      6552/9860 (66%) | 24.1/s | ETA: 2.3min | calls: 949
      7008/9860 (71%) | 23.1/s | ETA: 2.1min | calls: 1014
      7520/9860 (76%) | 22.6/s | ETA: 1.7min | calls: 1086
      8072/9860 (82%) | 22.2/s | ETA: 1.3min | calls: 1171
      8720/9860 (88%) | 22.2/s | ETA: 0.9min | calls: 1268
      9224/9860 (94%) | 21.8/s | ETA: 0.5min | calls: 1351
      9784/9860 (99%) | 21.5/s | ETA: 0.1min | calls: 1451
    Pool done: 9859 ok, 1 errors, 1467 API calls in 459.8s
    Assembled batch 1/67 (50 exercises)
    Assembled batch 2/67 (50 exercises)
    Assembled batch 3/67 (50 exercises)
    Assembled batch 4/67 (50 exercises)
    Assembled batch 5/67 (50 exercises)
    Assembled batch 6/67 (50 exercises)
    Assembled batch 7/67 (50 exercises)
    Assembled batch 8/67 (50 exercises)
    Assembled batch 9/67 (50 exercises)
    Assembled batch 10/67 (50 exercises)
    Assembled batch 11/67 (50 exercises)
    Assembled batch 12/67 (50 exercises)
    Assembled batch 13/67 (50 exercises)
    Assembled batch 14/67 (50 exercises)
    Assembled batch 15/67 (50 exercises)
    Assembled batch 16/67 (50 exercises)
    Assembled batch 17/67 (50 exercises)
    Assembled batch 18/67 (50 exercises)
    Assembled batch 19/67 (50 exercises)
    Assembled batch 20/67 (50 exercises)
    Assembled batch 21/67 (50 exercises)
    Assembled batch 22/67 (50 exercises)
    Assembled batch 23/67 (50 exercises)
    Assembled batch 24/67 (50 exercises)
    Assembled batch 25/67 (50 exercises)
    Assembled batch 26/67 (50 exercises)
    Assembled batch 27/67 (50 exercises)
    Assembled batch 28/67 (50 exercises)
    Assembled batch 29/67 (50 exercises)
    Assembled batch 30/67 (50 exercises)
    Assembled batch 31/67 (50 exercises)
    Assembled batch 32/67 (50 exercises)
    Assembled batch 33/67 (50 exercises)
    Assembled batch 34/67 (50 exercises)
    Assembled batch 35/67 (50 exercises)
    Assembled batch 36/67 (50 exercises)
    Assembled batch 37/67 (50 exercises)
    Assembled batch 38/67 (50 exercises)
    Assembled batch 39/67 (50 exercises)
    Assembled batch 40/67 (50 exercises)
    Assembled batch 41/67 (50 exercises)
    Assembled batch 42/67 (50 exercises)
    Assembled batch 43/67 (50 exercises)
    Assembled batch 44/67 (50 exercises)
    Assembled batch 45/67 (50 exercises)
    Assembled batch 46/67 (50 exercises)
    Assembled batch 47/67 (50 exercises)
    Assembled batch 48/67 (50 exercises)
    Assembled batch 49/67 (50 exercises)
    Assembled batch 50/67 (50 exercises)
    Assembled batch 51/67 (50 exercises)
    Assembled batch 52/67 (50 exercises)
    Assembled batch 53/67 (50 exercises)
    Assembled batch 54/67 (50 exercises)
    Assembled batch 55/67 (50 exercises)
    Assembled batch 56/67 (50 exercises)
    Assembled batch 57/67 (50 exercises)
    Assembled batch 58/67 (50 exercises)
    Assembled batch 59/67 (50 exercises)
    Assembled batch 60/67 (50 exercises)
    Assembled batch 61/67 (50 exercises)
    Assembled batch 62/67 (50 exercises)
    Assembled batch 63/67 (50 exercises)
    Assembled batch 64/67 (50 exercises)
    Assembled batch 65/67 (50 exercises)
    Assembled batch 66/67 (50 exercises)
    Assembled batch 67/67 (12 exercises)
    [hi] Done: 3312/3312 (100.0%) — assembly 24.2s
    Steps: 13534/13536, Leaks: 0, Weak: 1, Errors: 2, Pool calls: 1467
  [sw] Kiswahili: 0/3312 → translating 3312 remaining...
    Unique uncached: 4711 steps + 1295 names + 3854 audio = 9860
    Pool: 9860 texts in 1233 groups, 3 workers
      152/9860 (2%) | 4.9/s | ETA: 33.2min | calls: 110
      400/9860 (4%) | 6.5/s | ETA: 24.3min | calls: 234
      528/9860 (5%) | 5.5/s | ETA: 28.2min | calls: 352
      704/9860 (7%) | 5.5/s | ETA: 28.0min | calls: 462
      848/9860 (9%) | 5.3/s | ETA: 28.3min | calls: 581
      1112/9860 (11%) | 5.8/s | ETA: 25.0min | calls: 713
      1536/9860 (16%) | 7.0/s | ETA: 20.0min | calls: 877
      1736/9860 (18%) | 6.8/s | ETA: 19.8min | calls: 1017
      1944/9860 (20%) | 6.8/s | ETA: 19.3min | calls: 1176
      2112/9860 (21%) | 6.7/s | ETA: 19.3min | calls: 1332
      2328/9860 (24%) | 6.7/s | ETA: 18.7min | calls: 1469
      2624/9860 (27%) | 7.0/s | ETA: 17.3min | calls: 1624
      2800/9860 (28%) | 6.9/s | ETA: 17.1min | calls: 1787
      3008/9860 (31%) | 6.8/s | ETA: 16.7min | calls: 1955
      3264/9860 (33%) | 6.9/s | ETA: 15.8min | calls: 2107
      3504/9860 (36%) | 7.0/s | ETA: 15.2min | calls: 2272
      3760/9860 (38%) | 7.1/s | ETA: 14.4min | calls: 2430
      3936/9860 (40%) | 7.0/s | ETA: 14.1min | calls: 2569
      4144/9860 (42%) | 7.0/s | ETA: 13.7min | calls: 2710
      4384/9860 (44%) | 7.0/s | ETA: 13.0min | calls: 2865
      4592/9860 (47%) | 7.0/s | ETA: 12.5min | calls: 2958
      4760/9860 (48%) | 6.9/s | ETA: 12.2min | calls: 3055
      4896/9860 (50%) | 6.8/s | ETA: 12.1min | calls: 3160
      5144/9860 (52%) | 6.9/s | ETA: 11.5min | calls: 3255
      5296/9860 (54%) | 6.8/s | ETA: 11.2min | calls: 3352
      5512/9860 (56%) | 6.8/s | ETA: 10.7min | calls: 3438
      5672/9860 (58%) | 6.7/s | ETA: 10.4min | calls: 3539
      5848/9860 (59%) | 6.7/s | ETA: 10.0min | calls: 3615
      6000/9860 (61%) | 6.6/s | ETA: 9.7min | calls: 3730
      6160/9860 (62%) | 6.6/s | ETA: 9.4min | calls: 3824
      6296/9860 (64%) | 6.5/s | ETA: 9.1min | calls: 3912
      6456/9860 (65%) | 6.5/s | ETA: 8.8min | calls: 3999
      6608/9860 (67%) | 6.4/s | ETA: 8.5min | calls: 4092
      6720/9860 (68%) | 6.3/s | ETA: 8.3min | calls: 4183
      6888/9860 (70%) | 6.3/s | ETA: 7.9min | calls: 4259
      7024/9860 (71%) | 6.3/s | ETA: 7.6min | calls: 4344
      7176/9860 (73%) | 6.2/s | ETA: 7.2min | calls: 4421
      7304/9860 (74%) | 6.2/s | ETA: 6.9min | calls: 4494
      7472/9860 (76%) | 6.1/s | ETA: 6.5min | calls: 4600
      7608/9860 (77%) | 6.1/s | ETA: 6.2min | calls: 4695
      7768/9860 (79%) | 6.0/s | ETA: 5.8min | calls: 4788
      7920/9860 (80%) | 6.0/s | ETA: 5.4min | calls: 4894
      8048/9860 (82%) | 6.0/s | ETA: 5.1min | calls: 4991
      8232/9860 (83%) | 6.0/s | ETA: 4.5min | calls: 5065
      8464/9860 (86%) | 6.0/s | ETA: 3.9min | calls: 5145
      8624/9860 (87%) | 6.0/s | ETA: 3.4min | calls: 5242
      8784/9860 (89%) | 6.0/s | ETA: 3.0min | calls: 5342
      8920/9860 (90%) | 5.9/s | ETA: 2.6min | calls: 5441
      9128/9860 (93%) | 5.9/s | ETA: 2.1min | calls: 5523
      9376/9860 (95%) | 6.0/s | ETA: 1.3min | calls: 5601
      9584/9860 (97%) | 6.0/s | ETA: 0.8min | calls: 5683
      9712/9860 (98%) | 6.0/s | ETA: 0.4min | calls: 5775
      9824/9860 (100%) | 5.9/s | ETA: 0.1min | calls: 5862
    Pool done: 9858 ok, 2 errors, 5893 API calls in 1668.6s
    Assembled batch 1/67 (50 exercises)
    Assembled batch 2/67 (50 exercises)
    Assembled batch 3/67 (50 exercises)
    Assembled batch 4/67 (50 exercises)
    Assembled batch 5/67 (50 exercises)
    Assembled batch 6/67 (50 exercises)
    Assembled batch 7/67 (50 exercises)
    Assembled batch 8/67 (50 exercises)
    Assembled batch 9/67 (50 exercises)
    Assembled batch 10/67 (50 exercises)
    Assembled batch 11/67 (50 exercises)
    Assembled batch 12/67 (50 exercises)
    Assembled batch 13/67 (50 exercises)
    Assembled batch 14/67 (50 exercises)
    Assembled batch 15/67 (50 exercises)
    Assembled batch 16/67 (50 exercises)
    Assembled batch 17/67 (50 exercises)
    Assembled batch 18/67 (50 exercises)
    Assembled batch 19/67 (50 exercises)
    Assembled batch 20/67 (50 exercises)
    Assembled batch 21/67 (50 exercises)
    Assembled batch 22/67 (50 exercises)
    Assembled batch 23/67 (50 exercises)
    Assembled batch 24/67 (50 exercises)
    Assembled batch 25/67 (50 exercises)
    Assembled batch 26/67 (50 exercises)
    Assembled batch 27/67 (50 exercises)
    Assembled batch 28/67 (50 exercises)
    Assembled batch 29/67 (50 exercises)
    Assembled batch 30/67 (50 exercises)
    Assembled batch 31/67 (50 exercises)
    Assembled batch 32/67 (50 exercises)
    Assembled batch 33/67 (50 exercises)
    Assembled batch 34/67 (50 exercises)
    Assembled batch 35/67 (50 exercises)
    Assembled batch 36/67 (50 exercises)
    Assembled batch 37/67 (50 exercises)
    Assembled batch 38/67 (50 exercises)
    Assembled batch 39/67 (50 exercises)
    Assembled batch 40/67 (50 exercises)
    Assembled batch 41/67 (50 exercises)
    Assembled batch 42/67 (50 exercises)
    Assembled batch 43/67 (50 exercises)
    Assembled batch 44/67 (50 exercises)
    Assembled batch 45/67 (50 exercises)
    Assembled batch 46/67 (50 exercises)
    Assembled batch 47/67 (50 exercises)
    Assembled batch 48/67 (50 exercises)
    Assembled batch 49/67 (50 exercises)
    Assembled batch 50/67 (50 exercises)
    Assembled batch 51/67 (50 exercises)
    Assembled batch 52/67 (50 exercises)
    Assembled batch 53/67 (50 exercises)
    Assembled batch 54/67 (50 exercises)
    Assembled batch 55/67 (50 exercises)
    Assembled batch 56/67 (50 exercises)
    Assembled batch 57/67 (50 exercises)
    Assembled batch 58/67 (50 exercises)
    Assembled batch 59/67 (50 exercises)
    Assembled batch 60/67 (50 exercises)
    Assembled batch 61/67 (50 exercises)
    Assembled batch 62/67 (50 exercises)
    Assembled batch 63/67 (50 exercises)
    Assembled batch 64/67 (50 exercises)
    Assembled batch 65/67 (50 exercises)
    Assembled batch 66/67 (50 exercises)
    Assembled batch 67/67 (12 exercises)
    [sw] Done: 3312/3312 (100.0%) — assembly 36.0s
    Steps: 13534/13536, Leaks: 26, Weak: 0, Errors: 2, Pool calls: 5893

[Cache] {'size': 117953, 'hits': 245160, 'misses': 92106, 'hit_rate': '72.7%'}
