nohup: ignoring input
[Translate] 3312 exercises loaded
  [Cache] Loaded 78518 entries
[Parallel] 5 languages, 2 concurrent
  [ja] 日本語: 0/3312 → translating 3312 remaining...
  [ko] 한국어: 0/3312 → translating 3312 remaining...
    Unique uncached: 4711 steps + 1295 names + 3854 audio = 9860
    Unique uncached: 4711 steps + 1295 names + 3854 audio = 9860
    Pool: 9860 texts in 235 groups (3 workers)    Pool: 9860 texts in 235 groups (3 workers)

      [ko] 4260/9860 (43%) | 70.2/s | ETA: 1.3min
      [ja] 2291/9860 (23%) | 32.8/s | ETA: 3.8min
      [ko] 5368/9860 (54%) | 44.4/s | ETA: 1.7min
      [ja] 2958/9860 (30%) | 22.0/s | ETA: 5.2min
      [ko] 6288/9860 (64%) | 34.7/s | ETA: 1.7min
      [ja] 3297/9860 (33%) | 16.7/s | ETA: 6.6min
      [ko] 7017/9860 (71%) | 27.1/s | ETA: 1.7min
      [ja] 4147/9860 (42%) | 16.0/s | ETA: 5.9min
      [ko] 7724/9860 (78%) | 23.9/s | ETA: 1.5min
      [ja] 4699/9860 (48%) | 13.9/s | ETA: 6.2min
      [ko] 8595/9860 (87%) | 22.3/s | ETA: 0.9min
      [ja] 5369/9860 (54%) | 13.2/s | ETA: 5.7min
      [ko] 9393/9860 (95%) | 21.1/s | ETA: 0.4min
      [ja] 5904/9860 (60%) | 12.3/s | ETA: 5.3min
    Pool done: 9859 ok, 1 errors, 1078 API calls in 498.8s
    [ko] Done: 3312/3312 (100.0%) — assembly 19.2s
    Steps: 13534/13536, Leaks: 0, Weak: 0, Errors: 2, Pool calls: 1078
  [ar] العربية: 0/3312 → translating 3312 remaining...
    Unique uncached: 4711 steps + 1295 names + 3854 audio = 9860
    Pool: 9860 texts in 235 groups (3 workers)
      [ja] 6459/9860 (66%) | 11.4/s | ETA: 5.0min
      [ar] 4869/9860 (49%) | 80.9/s | ETA: 1.0min
      [ja] 6997/9860 (71%) | 11.1/s | ETA: 4.3min
      [ar] 6219/9860 (63%) | 51.5/s | ETA: 1.2min
      [ar] 7220/9860 (73%) | 38.2/s | ETA: 1.2min
      [ja] 7555/9860 (77%) | 10.5/s | ETA: 3.6min
      [ar] 8449/9860 (86%) | 33.8/s | ETA: 0.7min
      [ja] 8046/9860 (82%) | 10.2/s | ETA: 3.0min
      [ar] 9828/9860 (100%) | 30.8/s | ETA: 0.0min
    Pool done: 9859 ok, 1 errors, 954 API calls in 325.7s
      [ja] 8272/9860 (84%) | 9.7/s | ETA: 2.7min
    [ar] Done: 3312/3312 (100.0%) — assembly 22.6s
    Steps: 13534/13536, Leaks: 6, Weak: 0, Errors: 2, Pool calls: 954
  [hi] हिन्दी: 0/3312 → translating 3312 remaining...
    Unique uncached: 4711 steps + 1295 names + 3854 audio = 9860
    Pool: 9860 texts in 235 groups (3 workers)
      [ja] 8973/9860 (91%) | 9.8/s | ETA: 1.5min
      [hi] 3174/9860 (32%) | 44.4/s | ETA: 2.5min
      [ja] 9395/9860 (95%) | 9.6/s | ETA: 0.8min
      [hi] 4808/9860 (49%) | 36.2/s | ETA: 2.3min
      [ja] 9683/9860 (98%) | 9.3/s | ETA: 0.3min
      [hi] 5869/9860 (60%) | 30.1/s | ETA: 2.2min
    Pool done: 9859 ok, 1 errors, 2986 API calls in 1076.8s
    [ja] Done: 3312/3312 (100.0%) — assembly 23.6s
    Steps: 13534/13536, Leaks: 0, Weak: 0, Errors: 2, Pool calls: 2986
  [sw] Kiswahili: 0/3312 → translating 3312 remaining...
    Unique uncached: 4711 steps + 1295 names + 3854 audio = 9860
    Pool: 9860 texts in 235 groups (3 workers)
      [hi] 6604/9860 (67%) | 25.9/s | ETA: 2.1min
      [sw] 97/9860 (1%) | 1.4/s | ETA: 116.9min
      [hi] 7525/9860 (76%) | 23.9/s | ETA: 1.6min
      [sw] 434/9860 (4%) | 3.0/s | ETA: 52.9min
      [hi] 8409/9860 (85%) | 22.0/s | ETA: 1.1min
      [hi] 9405/9860 (95%) | 21.3/s | ETA: 0.4min
      [sw] 731/9860 (7%) | 3.4/s | ETA: 45.3min
      [hi] 9860/9860 (100%) | 19.0/s | ETA: 0.0min
    Pool done: 9859 ok, 1 errors, 1311 API calls in 518.9s
    [hi] Done: 3312/3312 (100.0%) — assembly 25.8s
    Steps: 13534/13536, Leaks: 0, Weak: 0, Errors: 2, Pool calls: 1311
      [sw] 1037/9860 (11%) | 3.3/s | ETA: 44.5min
      [sw] 1292/9860 (13%) | 3.4/s | ETA: 42.4min
      [sw] 1609/9860 (16%) | 3.6/s | ETA: 38.1min
      [sw] 1866/9860 (19%) | 3.5/s | ETA: 37.5min
      [sw] 2155/9860 (22%) | 3.6/s | ETA: 35.7min
      [sw] 2476/9860 (25%) | 3.7/s | ETA: 33.4min
      [sw] 2733/9860 (28%) | 3.7/s | ETA: 32.5min
      [sw] 3080/9860 (31%) | 3.8/s | ETA: 30.0min
      [sw] 3607/9860 (37%) | 4.1/s | ETA: 25.6min
      [sw] 3964/9860 (40%) | 4.2/s | ETA: 23.5min
      [sw] 4220/9860 (43%) | 4.2/s | ETA: 22.5min
      [sw] 4432/9860 (45%) | 4.1/s | ETA: 21.9min
      [sw] 4592/9860 (47%) | 4.1/s | ETA: 21.6min
      [sw] 4837/9860 (49%) | 4.0/s | ETA: 20.8min
      [sw] 5175/9860 (52%) | 4.1/s | ETA: 19.1min
      [sw] 5469/9860 (55%) | 4.1/s | ETA: 17.8min
      [sw] 5760/9860 (58%) | 4.1/s | ETA: 16.7min
      [sw] 6153/9860 (62%) | 4.2/s | ETA: 14.8min
      [sw] 6395/9860 (65%) | 4.2/s | ETA: 13.9min
      [sw] 6666/9860 (68%) | 4.2/s | ETA: 12.8min
      [sw] 6903/9860 (70%) | 4.1/s | ETA: 11.9min
      [sw] 7159/9860 (73%) | 4.1/s | ETA: 10.9min
      [sw] 7455/9860 (76%) | 4.1/s | ETA: 9.7min
      [sw] 7790/9860 (79%) | 4.2/s | ETA: 8.3min
      [sw] 8017/9860 (81%) | 4.2/s | ETA: 7.4min
      [sw] 8371/9860 (85%) | 4.2/s | ETA: 5.9min
      [sw] 8629/9860 (88%) | 4.2/s | ETA: 4.9min
      [sw] 8907/9860 (90%) | 4.2/s | ETA: 3.8min
      [sw] 9133/9860 (93%) | 4.2/s | ETA: 2.9min
      [sw] 9521/9860 (97%) | 4.2/s | ETA: 1.3min
      [sw] 9766/9860 (99%) | 4.2/s | ETA: 0.4min
    Pool done: 9857 ok, 3 errors, 9257 API calls in 2324.0s
    [sw] Done: 3312/3312 (100.0%) — assembly 84.4s
    Steps: 13527/13536, Leaks: 24, Weak: 0, Errors: 9, Pool calls: 9257

[Cache] {'size': 127811, 'hits': 133898, 'misses': 49344, 'hit_rate': '73.1%'}
