To honour the JVM settings for this build a single-use Daemon process will be forked. For more on this, please refer to https://docs.gradle.org/8.14.3/userguide/gradle_daemon.html#sec:disabling_the_daemon in the Gradle documentation.
Daemon will be stopped at the end of the build 
> Task :gradle-plugin:settings-plugin:checkKotlinGradlePluginConfigurationErrors SKIPPED
> Task :expo-gradle-plugin:expo-autolinking-plugin-shared:checkKotlinGradlePluginConfigurationErrors SKIPPED
> Task :gradle-plugin:shared:checkKotlinGradlePluginConfigurationErrors SKIPPED
> Task :expo-gradle-plugin:expo-autolinking-settings-plugin:checkKotlinGradlePluginConfigurationErrors SKIPPED
> Task :expo-gradle-plugin:expo-autolinking-settings-plugin:pluginDescriptors UP-TO-DATE
> Task :expo-gradle-plugin:expo-autolinking-settings-plugin:processResources UP-TO-DATE
> Task :gradle-plugin:settings-plugin:pluginDescriptors UP-TO-DATE
> Task :gradle-plugin:settings-plugin:processResources UP-TO-DATE
> Task :gradle-plugin:shared:compileKotlin UP-TO-DATE
> Task :expo-gradle-plugin:expo-autolinking-plugin-shared:compileKotlin UP-TO-DATE
> Task :gradle-plugin:shared:compileJava NO-SOURCE
> Task :expo-gradle-plugin:expo-autolinking-plugin-shared:compileJava NO-SOURCE
> Task :gradle-plugin:shared:processResources NO-SOURCE
> Task :expo-gradle-plugin:expo-autolinking-plugin-shared:processResources NO-SOURCE
> Task :expo-gradle-plugin:expo-autolinking-plugin-shared:classes UP-TO-DATE
> Task :gradle-plugin:shared:classes UP-TO-DATE
> Task :gradle-plugin:shared:jar UP-TO-DATE
> Task :expo-gradle-plugin:expo-autolinking-plugin-shared:jar UP-TO-DATE
> Task :gradle-plugin:settings-plugin:compileKotlin UP-TO-DATE
> Task :gradle-plugin:settings-plugin:compileJava NO-SOURCE
> Task :gradle-plugin:settings-plugin:classes UP-TO-DATE
> Task :gradle-plugin:settings-plugin:jar UP-TO-DATE
> Task :expo-gradle-plugin:expo-autolinking-settings-plugin:compileKotlin UP-TO-DATE
> Task :expo-gradle-plugin:expo-autolinking-settings-plugin:compileJava NO-SOURCE
> Task :expo-gradle-plugin:expo-autolinking-settings-plugin:classes UP-TO-DATE
> Task :expo-gradle-plugin:expo-autolinking-settings-plugin:jar UP-TO-DATE
> Task :expo-gradle-plugin:expo-autolinking-plugin:checkKotlinGradlePluginConfigurationErrors SKIPPED
> Task :expo-module-gradle-plugin:checkKotlinGradlePluginConfigurationErrors SKIPPED
> Task :expo-module-gradle-plugin:pluginDescriptors UP-TO-DATE
> Task :expo-module-gradle-plugin:processResources UP-TO-DATE
> Task :gradle-plugin:react-native-gradle-plugin:checkKotlinGradlePluginConfigurationErrors SKIPPED
> Task :expo-gradle-plugin:expo-autolinking-plugin:compileKotlin UP-TO-DATE
> Task :expo-gradle-plugin:expo-autolinking-plugin:compileJava NO-SOURCE
> Task :expo-gradle-plugin:expo-autolinking-plugin:pluginDescriptors UP-TO-DATE
> Task :expo-gradle-plugin:expo-autolinking-plugin:processResources UP-TO-DATE
> Task :expo-gradle-plugin:expo-autolinking-plugin:classes UP-TO-DATE
> Task :expo-gradle-plugin:expo-autolinking-plugin:jar UP-TO-DATE
> Task :expo-updates-gradle-plugin:checkKotlinGradlePluginConfigurationErrors SKIPPED
> Task :expo-updates-gradle-plugin:pluginDescriptors UP-TO-DATE
> Task :expo-updates-gradle-plugin:processResources UP-TO-DATE
> Task :gradle-plugin:react-native-gradle-plugin:compileKotlin UP-TO-DATE
> Task :gradle-plugin:react-native-gradle-plugin:compileJava NO-SOURCE
> Task :gradle-plugin:react-native-gradle-plugin:pluginDescriptors UP-TO-DATE
> Task :gradle-plugin:react-native-gradle-plugin:processResources UP-TO-DATE
> Task :gradle-plugin:react-native-gradle-plugin:classes UP-TO-DATE
> Task :gradle-plugin:react-native-gradle-plugin:jar UP-TO-DATE
> Task :expo-module-gradle-plugin:compileKotlin UP-TO-DATE
> Task :expo-updates-gradle-plugin:compileKotlin UP-TO-DATE
> Task :expo-module-gradle-plugin:compileJava NO-SOURCE
> Task :expo-module-gradle-plugin:classes UP-TO-DATE
> Task :expo-updates-gradle-plugin:compileJava NO-SOURCE
> Task :expo-updates-gradle-plugin:classes UP-TO-DATE
> Task :expo-module-gradle-plugin:jar UP-TO-DATE
> Task :expo-updates-gradle-plugin:jar UP-TO-DATE

> Configure project :
[32m[ExpoRootProject][0m Using the following versions:
  - buildTools:  [32m36.0.0[0m
  - minSdk:      [32m24[0m
  - compileSdk:  [32m36[0m
  - targetSdk:   [32m36[0m
  - ndk:         [32m27.1.12297006[0m
  - kotlin:      [32m2.1.20[0m
  - ksp:         [32m2.1.20-2.0.1[0m

> Configure project :app
 ℹ️  [33mApplying gradle plugin[0m '[32mexpo-updates-gradle-plugin[0m'

> Configure project :expo

Using expo modules
  - [32mexpo-constants[0m (18.0.13)
  - [32mexpo-eas-client[0m (1.0.8)
  - [32mexpo-json-utils[0m (0.15.0)
  - [32mexpo-manifests[0m (1.0.10)
  - [32mexpo-modules-core[0m (3.0.29)
  - [32mexpo-structured-headers[0m (5.0.0)
  - [32mexpo-updates[0m (29.0.16)
  - [32mexpo-updates-interface[0m (2.0.0)
  - [33m[📦][0m [32mexpo-application[0m (7.0.8)
  - [33m[📦][0m [32mexpo-asset[0m (12.0.12)
  - [33m[📦][0m [32mexpo-battery[0m (10.0.8)
  - [33m[📦][0m [32mexpo-blur[0m (15.0.8)
  - [33m[📦][0m [32mexpo-crypto[0m (15.0.8)
  - [33m[📦][0m [32mexpo-document-picker[0m (14.0.8)
  - [33m[📦][0m [32mexpo-file-system[0m (19.0.21)
  - [33m[📦][0m [32mexpo-font[0m (14.0.11)
  - [33m[📦][0m [32mexpo-image-loader[0m (6.0.0)
  - [33m[📦][0m [32mexpo-image-picker[0m (17.0.10)
  - [33m[📦][0m [32mexpo-keep-awake[0m (15.0.8)
  - [33m[📦][0m [32mexpo-linear-gradient[0m (15.0.8)
  - [33m[📦][0m [32mexpo-linking[0m (8.0.11)
  - [33m[📦][0m [32mexpo-local-authentication[0m (17.0.8)
  - [33m[📦][0m [32mexpo-location[0m (19.0.8)
  - [33m[📦][0m [32mexpo-notifications[0m (0.32.16)
  - [33m[📦][0m [32mexpo-secure-store[0m (15.0.8)
  - [33m[📦][0m [32mexpo-sensors[0m (15.0.8)
  - [33m[📦][0m [32mexpo-speech[0m (14.0.8)
  - [33m[📦][0m [32mexpo-sqlite[0m (16.0.10)
  - [33m[📦][0m [32mexpo-web-browser[0m (15.0.10)


> Task :app:checkKotlinGradlePluginConfigurationErrors SKIPPED
> Task :expo:generatePackagesList UP-TO-DATE
> Task :expo:preBuild UP-TO-DATE
> Task :app:generateAutolinkingNewArchitectureFiles UP-TO-DATE
> Task :app:generateAutolinkingPackageList UP-TO-DATE
> Task :app:generateCodegenSchemaFromJavaScript SKIPPED
> Task :app:generateCodegenArtifactsFromSchema SKIPPED
> Task :app:generateReactNativeEntryPoint UP-TO-DATE
> Task :expo-eas-client:preBuild UP-TO-DATE
> Task :expo-json-utils:preBuild UP-TO-DATE
> Task :expo-manifests:preBuild UP-TO-DATE
> Task :expo-modules-core:preBuild UP-TO-DATE
> Task :expo-structured-headers:preBuild UP-TO-DATE
> Task :expo-updates:preBuild UP-TO-DATE
> Task :expo-updates-interface:preBuild UP-TO-DATE
> Task :react-native-blob-util:generateCodegenSchemaFromJavaScript UP-TO-DATE

> Task :expo-constants:createExpoConfig
The NODE_ENV environment variable is required but was not specified. Ensure the project is bundled with Expo CLI or NODE_ENV is set. Using only .env.local and .env
env: load .env.local .env
env: export EXPO_PUBLIC_USE_MOCK_API EXPO_PUBLIC_REVENUECAT_API_KEY EXPO_PUBLIC_ENV EXPO_PUBLIC_GOOGLE_WEB_CLIENT_ID

> Task :react-native-blob-util:generateCodegenArtifactsFromSchema UP-TO-DATE
> Task :react-native-blob-util:preBuild UP-TO-DATE
> Task :react-native-community_masked-view:preBuild UP-TO-DATE
> Task :react-native-gesture-handler:generateCodegenSchemaFromJavaScript UP-TO-DATE
> Task :react-native-gesture-handler:generateCodegenArtifactsFromSchema UP-TO-DATE
> Task :react-native-gesture-handler:preBuild UP-TO-DATE
> Task :react-native-health-connect:generateCodegenSchemaFromJavaScript UP-TO-DATE
> Task :react-native-health-connect:generateCodegenArtifactsFromSchema UP-TO-DATE
> Task :react-native-health-connect:preBuild UP-TO-DATE
> Task :react-native-pdf:generateCodegenSchemaFromJavaScript UP-TO-DATE
> Task :react-native-pdf:generateCodegenArtifactsFromSchema UP-TO-DATE
> Task :react-native-pdf:preBuild UP-TO-DATE
> Task :react-native-reanimated:assertMinimalReactNativeVersionTask
> Task :react-native-reanimated:assertNewArchitectureEnabledTask SKIPPED
> Task :expo-constants:preBuild
> Task :react-native-safe-area-context:generateCodegenSchemaFromJavaScript UP-TO-DATE
> Task :react-native-safe-area-context:generateCodegenArtifactsFromSchema UP-TO-DATE
> Task :react-native-safe-area-context:preBuild UP-TO-DATE
> Task :react-native-screens:generateCodegenSchemaFromJavaScript UP-TO-DATE
> Task :react-native-screens:generateCodegenArtifactsFromSchema UP-TO-DATE
> Task :react-native-screens:preBuild UP-TO-DATE
> Task :react-native-svg:generateCodegenSchemaFromJavaScript UP-TO-DATE
> Task :react-native-svg:generateCodegenArtifactsFromSchema UP-TO-DATE
> Task :react-native-svg:preBuild UP-TO-DATE
> Task :react-native-webview:generateCodegenSchemaFromJavaScript UP-TO-DATE
> Task :react-native-webview:generateCodegenArtifactsFromSchema UP-TO-DATE
> Task :react-native-webview:preBuild UP-TO-DATE
> Task :react-native-reanimated:assertWorkletsVersionTask
> Task :react-native-reanimated:generateCodegenSchemaFromJavaScript UP-TO-DATE
> Task :react-native-reanimated:generateCodegenArtifactsFromSchema UP-TO-DATE
> Task :react-native-worklets:assertMinimalReactNativeVersionTask
> Task :react-native-worklets:assertNewArchitectureEnabledTask SKIPPED
> Task :react-native-reanimated:prepareReanimatedHeadersForPrefabs UP-TO-DATE
> Task :react-native-reanimated:preBuild
> Task :react-native-worklets:generateCodegenSchemaFromJavaScript UP-TO-DATE
> Task :sentry_react-native:generateCodegenSchemaFromJavaScript UP-TO-DATE
> Task :react-native-worklets:generateCodegenArtifactsFromSchema UP-TO-DATE
> Task :sentry_react-native:generateCodegenArtifactsFromSchema UP-TO-DATE
> Task :sentry_react-native:preBuild UP-TO-DATE
> Task :expo:preDebugBuild UP-TO-DATE
> Task :react-native-worklets:prepareWorkletsHeadersForPrefabs UP-TO-DATE
> Task :react-native-worklets:preBuild
> Task :app:preBuild
> Task :app:preDebugBuild
> Task :expo:writeDebugAarMetadata UP-TO-DATE
> Task :expo-constants:preDebugBuild
> Task :expo-constants:writeDebugAarMetadata UP-TO-DATE
> Task :expo-eas-client:preDebugBuild UP-TO-DATE
> Task :app:generateDebugBuildConfig UP-TO-DATE
> Task :expo-json-utils:preDebugBuild UP-TO-DATE
> Task :expo-json-utils:writeDebugAarMetadata UP-TO-DATE
> Task :expo-eas-client:writeDebugAarMetadata UP-TO-DATE
> Task :expo-modules-core:preDebugBuild UP-TO-DATE
> Task :expo-manifests:preDebugBuild UP-TO-DATE
> Task :expo-manifests:writeDebugAarMetadata UP-TO-DATE
> Task :expo-modules-core:writeDebugAarMetadata UP-TO-DATE
> Task :expo-structured-headers:preDebugBuild UP-TO-DATE
> Task :expo-updates:preDebugBuild UP-TO-DATE
> Task :expo-structured-headers:writeDebugAarMetadata UP-TO-DATE
> Task :expo-updates:writeDebugAarMetadata UP-TO-DATE
> Task :expo-updates-interface:preDebugBuild UP-TO-DATE
> Task :react-native-blob-util:preDebugBuild UP-TO-DATE
> Task :expo-updates-interface:writeDebugAarMetadata UP-TO-DATE
> Task :react-native-community_masked-view:preDebugBuild UP-TO-DATE
> Task :react-native-blob-util:writeDebugAarMetadata UP-TO-DATE
> Task :react-native-gesture-handler:preDebugBuild UP-TO-DATE
> Task :react-native-gesture-handler:writeDebugAarMetadata UP-TO-DATE
> Task :react-native-community_masked-view:writeDebugAarMetadata UP-TO-DATE
> Task :react-native-pdf:preDebugBuild UP-TO-DATE
> Task :react-native-health-connect:preDebugBuild UP-TO-DATE
> Task :react-native-pdf:writeDebugAarMetadata UP-TO-DATE
> Task :react-native-health-connect:writeDebugAarMetadata UP-TO-DATE
> Task :react-native-reanimated:preDebugBuild
> Task :react-native-safe-area-context:preDebugBuild UP-TO-DATE
> Task :react-native-reanimated:writeDebugAarMetadata UP-TO-DATE
> Task :react-native-screens:preDebugBuild UP-TO-DATE
> Task :react-native-safe-area-context:writeDebugAarMetadata UP-TO-DATE
> Task :react-native-svg:preDebugBuild UP-TO-DATE
> Task :react-native-screens:writeDebugAarMetadata UP-TO-DATE
> Task :react-native-webview:preDebugBuild UP-TO-DATE
> Task :react-native-svg:writeDebugAarMetadata UP-TO-DATE
> Task :react-native-worklets:preDebugBuild
> Task :react-native-webview:writeDebugAarMetadata UP-TO-DATE
> Task :sentry_react-native:preDebugBuild UP-TO-DATE
> Task :react-native-worklets:writeDebugAarMetadata UP-TO-DATE
> Task :sentry_react-native:writeDebugAarMetadata UP-TO-DATE
> Task :expo:generateDebugResValues UP-TO-DATE
> Task :app:generateDebugResValues UP-TO-DATE
> Task :expo:generateDebugResources UP-TO-DATE
> Task :expo:packageDebugResources UP-TO-DATE
> Task :expo-constants:generateDebugResValues UP-TO-DATE
> Task :expo-constants:generateDebugResources UP-TO-DATE
> Task :expo-constants:packageDebugResources UP-TO-DATE
> Task :expo-eas-client:generateDebugResValues UP-TO-DATE
> Task :expo-eas-client:generateDebugResources UP-TO-DATE
> Task :expo-eas-client:packageDebugResources UP-TO-DATE
> Task :expo-json-utils:generateDebugResValues UP-TO-DATE
> Task :expo-json-utils:generateDebugResources UP-TO-DATE
> Task :expo-json-utils:packageDebugResources UP-TO-DATE
> Task :expo-manifests:generateDebugResValues UP-TO-DATE
> Task :expo-manifests:generateDebugResources UP-TO-DATE
> Task :expo-manifests:packageDebugResources UP-TO-DATE
> Task :expo-modules-core:generateDebugResValues UP-TO-DATE
> Task :expo-modules-core:generateDebugResources UP-TO-DATE
> Task :expo-modules-core:packageDebugResources UP-TO-DATE
> Task :expo-structured-headers:generateDebugResValues UP-TO-DATE
> Task :expo-structured-headers:generateDebugResources UP-TO-DATE
> Task :expo-structured-headers:packageDebugResources UP-TO-DATE
> Task :expo-updates:generateDebugResValues UP-TO-DATE
> Task :expo-updates:generateDebugResources UP-TO-DATE
> Task :expo-updates:packageDebugResources UP-TO-DATE
> Task :expo-updates-interface:generateDebugResValues UP-TO-DATE
> Task :expo-updates-interface:generateDebugResources UP-TO-DATE
> Task :expo-updates-interface:packageDebugResources UP-TO-DATE
> Task :react-native-blob-util:generateDebugResValues UP-TO-DATE
> Task :react-native-blob-util:generateDebugResources UP-TO-DATE
> Task :react-native-blob-util:packageDebugResources UP-TO-DATE
> Task :react-native-community_masked-view:generateDebugResValues UP-TO-DATE
> Task :react-native-community_masked-view:generateDebugResources UP-TO-DATE
> Task :react-native-community_masked-view:packageDebugResources UP-TO-DATE
> Task :react-native-gesture-handler:generateDebugResValues UP-TO-DATE
> Task :react-native-gesture-handler:generateDebugResources UP-TO-DATE
> Task :react-native-gesture-handler:packageDebugResources UP-TO-DATE
> Task :react-native-health-connect:generateDebugResValues UP-TO-DATE
> Task :react-native-health-connect:generateDebugResources UP-TO-DATE
> Task :react-native-health-connect:packageDebugResources UP-TO-DATE
> Task :react-native-pdf:generateDebugResValues UP-TO-DATE
> Task :react-native-pdf:generateDebugResources UP-TO-DATE
> Task :react-native-pdf:packageDebugResources UP-TO-DATE
> Task :react-native-reanimated:generateDebugResValues UP-TO-DATE
> Task :react-native-reanimated:generateDebugResources UP-TO-DATE
> Task :react-native-reanimated:packageDebugResources UP-TO-DATE
> Task :react-native-safe-area-context:generateDebugResValues UP-TO-DATE
> Task :react-native-safe-area-context:generateDebugResources UP-TO-DATE
> Task :react-native-safe-area-context:packageDebugResources UP-TO-DATE
> Task :react-native-screens:generateDebugResValues UP-TO-DATE
> Task :react-native-screens:generateDebugResources UP-TO-DATE
> Task :react-native-screens:packageDebugResources UP-TO-DATE
> Task :react-native-svg:generateDebugResValues UP-TO-DATE
> Task :react-native-svg:generateDebugResources UP-TO-DATE
> Task :react-native-svg:packageDebugResources UP-TO-DATE
> Task :react-native-webview:generateDebugResValues UP-TO-DATE
> Task :react-native-webview:generateDebugResources UP-TO-DATE
> Task :react-native-webview:packageDebugResources UP-TO-DATE
> Task :react-native-worklets:generateDebugResValues UP-TO-DATE
> Task :react-native-worklets:generateDebugResources UP-TO-DATE
> Task :react-native-worklets:packageDebugResources UP-TO-DATE
> Task :sentry_react-native:generateDebugResValues UP-TO-DATE
> Task :sentry_react-native:generateDebugResources UP-TO-DATE
> Task :sentry_react-native:packageDebugResources UP-TO-DATE
> Task :expo:extractDeepLinksDebug UP-TO-DATE
> Task :expo:processDebugManifest UP-TO-DATE
> Task :expo-constants:extractDeepLinksDebug UP-TO-DATE
> Task :expo-constants:processDebugManifest UP-TO-DATE
> Task :expo-eas-client:extractDeepLinksDebug UP-TO-DATE
> Task :expo-eas-client:processDebugManifest UP-TO-DATE
> Task :expo-json-utils:extractDeepLinksDebug UP-TO-DATE
> Task :expo-json-utils:processDebugManifest UP-TO-DATE
> Task :expo-manifests:extractDeepLinksDebug UP-TO-DATE
> Task :expo-manifests:processDebugManifest UP-TO-DATE
> Task :expo-modules-core:extractDeepLinksDebug UP-TO-DATE
> Task :expo-modules-core:processDebugManifest UP-TO-DATE
> Task :expo-structured-headers:extractDeepLinksDebug UP-TO-DATE
> Task :expo-structured-headers:processDebugManifest UP-TO-DATE
> Task :expo-updates:extractDeepLinksDebug UP-TO-DATE
> Task :expo-updates:processDebugManifest UP-TO-DATE
> Task :expo-updates-interface:extractDeepLinksDebug UP-TO-DATE
> Task :expo-updates-interface:processDebugManifest UP-TO-DATE
> Task :react-native-blob-util:extractDeepLinksDebug UP-TO-DATE
> Task :react-native-blob-util:processDebugManifest UP-TO-DATE
> Task :react-native-community_masked-view:extractDeepLinksDebug UP-TO-DATE
> Task :react-native-community_masked-view:processDebugManifest UP-TO-DATE
> Task :react-native-gesture-handler:extractDeepLinksDebug UP-TO-DATE
> Task :react-native-gesture-handler:processDebugManifest UP-TO-DATE
> Task :react-native-health-connect:extractDeepLinksDebug UP-TO-DATE
> Task :react-native-health-connect:processDebugManifest UP-TO-DATE
> Task :react-native-pdf:extractDeepLinksDebug UP-TO-DATE
> Task :react-native-pdf:processDebugManifest UP-TO-DATE
> Task :react-native-reanimated:extractDeepLinksDebug UP-TO-DATE
> Task :react-native-reanimated:processDebugManifest UP-TO-DATE
> Task :react-native-safe-area-context:extractDeepLinksDebug UP-TO-DATE
> Task :react-native-safe-area-context:processDebugManifest UP-TO-DATE
> Task :react-native-screens:extractDeepLinksDebug UP-TO-DATE
> Task :react-native-screens:processDebugManifest UP-TO-DATE
> Task :react-native-svg:extractDeepLinksDebug UP-TO-DATE
> Task :react-native-svg:processDebugManifest UP-TO-DATE
> Task :react-native-webview:extractDeepLinksDebug UP-TO-DATE
> Task :react-native-webview:processDebugManifest UP-TO-DATE
> Task :react-native-worklets:extractDeepLinksDebug UP-TO-DATE
> Task :react-native-worklets:processDebugManifest UP-TO-DATE
> Task :sentry_react-native:extractDeepLinksDebug UP-TO-DATE
> Task :sentry_react-native:processDebugManifest UP-TO-DATE
> Task :expo:compileDebugLibraryResources UP-TO-DATE
> Task :expo:parseDebugLocalResources UP-TO-DATE
> Task :app:checkDebugAarMetadata UP-TO-DATE
> Task :expo:generateDebugRFile UP-TO-DATE
> Task :expo-constants:compileDebugLibraryResources UP-TO-DATE
> Task :expo-constants:parseDebugLocalResources UP-TO-DATE
> Task :expo-constants:generateDebugRFile UP-TO-DATE
> Task :expo-eas-client:compileDebugLibraryResources UP-TO-DATE
> Task :expo-eas-client:parseDebugLocalResources UP-TO-DATE
> Task :expo-eas-client:generateDebugRFile UP-TO-DATE
> Task :expo-json-utils:compileDebugLibraryResources UP-TO-DATE
> Task :expo-json-utils:parseDebugLocalResources UP-TO-DATE
> Task :expo-json-utils:generateDebugRFile UP-TO-DATE
> Task :expo-manifests:compileDebugLibraryResources UP-TO-DATE
> Task :expo-manifests:parseDebugLocalResources UP-TO-DATE
> Task :expo-manifests:generateDebugRFile UP-TO-DATE
> Task :expo-modules-core:compileDebugLibraryResources UP-TO-DATE
> Task :expo-modules-core:parseDebugLocalResources UP-TO-DATE
> Task :expo-modules-core:generateDebugRFile UP-TO-DATE
> Task :expo-structured-headers:compileDebugLibraryResources UP-TO-DATE
> Task :expo-structured-headers:parseDebugLocalResources UP-TO-DATE
> Task :expo-structured-headers:generateDebugRFile UP-TO-DATE
> Task :expo-updates:compileDebugLibraryResources UP-TO-DATE
> Task :expo-updates:parseDebugLocalResources UP-TO-DATE
> Task :expo-updates:generateDebugRFile UP-TO-DATE
> Task :expo-updates-interface:compileDebugLibraryResources UP-TO-DATE
> Task :expo-updates-interface:parseDebugLocalResources UP-TO-DATE
> Task :expo-updates-interface:generateDebugRFile UP-TO-DATE
> Task :react-native-blob-util:compileDebugLibraryResources UP-TO-DATE
> Task :react-native-blob-util:parseDebugLocalResources UP-TO-DATE
> Task :react-native-blob-util:generateDebugRFile UP-TO-DATE
> Task :react-native-community_masked-view:compileDebugLibraryResources UP-TO-DATE
> Task :react-native-community_masked-view:parseDebugLocalResources UP-TO-DATE
> Task :app:mapDebugSourceSetPaths UP-TO-DATE
> Task :react-native-community_masked-view:generateDebugRFile UP-TO-DATE
> Task :react-native-gesture-handler:compileDebugLibraryResources UP-TO-DATE
> Task :app:generateDebugResources UP-TO-DATE
> Task :react-native-gesture-handler:parseDebugLocalResources UP-TO-DATE
> Task :react-native-gesture-handler:generateDebugRFile UP-TO-DATE
> Task :react-native-health-connect:compileDebugLibraryResources UP-TO-DATE
> Task :react-native-health-connect:parseDebugLocalResources UP-TO-DATE
> Task :react-native-health-connect:generateDebugRFile UP-TO-DATE
> Task :react-native-pdf:compileDebugLibraryResources UP-TO-DATE
> Task :react-native-pdf:parseDebugLocalResources UP-TO-DATE
> Task :react-native-pdf:generateDebugRFile UP-TO-DATE
> Task :react-native-reanimated:compileDebugLibraryResources UP-TO-DATE
> Task :react-native-reanimated:parseDebugLocalResources UP-TO-DATE
> Task :react-native-reanimated:generateDebugRFile UP-TO-DATE
> Task :react-native-safe-area-context:compileDebugLibraryResources UP-TO-DATE
> Task :react-native-safe-area-context:parseDebugLocalResources UP-TO-DATE
> Task :react-native-safe-area-context:generateDebugRFile UP-TO-DATE
> Task :react-native-screens:compileDebugLibraryResources UP-TO-DATE
> Task :react-native-screens:parseDebugLocalResources UP-TO-DATE
> Task :app:mergeDebugResources UP-TO-DATE
> Task :react-native-screens:generateDebugRFile UP-TO-DATE
> Task :react-native-svg:compileDebugLibraryResources UP-TO-DATE
> Task :react-native-svg:parseDebugLocalResources UP-TO-DATE
> Task :app:packageDebugResources UP-TO-DATE
> Task :react-native-svg:generateDebugRFile UP-TO-DATE
> Task :app:parseDebugLocalResources UP-TO-DATE
> Task :react-native-webview:compileDebugLibraryResources UP-TO-DATE
> Task :app:createDebugCompatibleScreenManifests UP-TO-DATE
> Task :react-native-webview:parseDebugLocalResources UP-TO-DATE
> Task :app:extractDeepLinksDebug UP-TO-DATE
> Task :react-native-webview:generateDebugRFile UP-TO-DATE
> Task :react-native-worklets:compileDebugLibraryResources UP-TO-DATE
> Task :react-native-worklets:parseDebugLocalResources UP-TO-DATE
> Task :react-native-worklets:generateDebugRFile UP-TO-DATE
> Task :sentry_react-native:compileDebugLibraryResources UP-TO-DATE
> Task :sentry_react-native:parseDebugLocalResources UP-TO-DATE
> Task :sentry_react-native:generateDebugRFile UP-TO-DATE
> Task :expo:checkKotlinGradlePluginConfigurationErrors SKIPPED
> Task :expo:generateDebugBuildConfig UP-TO-DATE
> Task :expo-constants:checkKotlinGradlePluginConfigurationErrors SKIPPED
> Task :expo-constants:generateDebugBuildConfig UP-TO-DATE
> Task :expo-modules-core:checkKotlinGradlePluginConfigurationErrors SKIPPED
> Task :expo-modules-core:generateDebugBuildConfig UP-TO-DATE
> Task :app:processDebugMainManifest UP-TO-DATE
> Task :app:processDebugManifest UP-TO-DATE
> Task :app:processDebugManifestForPackage UP-TO-DATE
> Task :expo-modules-core:compileDebugKotlin UP-TO-DATE
> Task :expo-modules-core:javaPreCompileDebug UP-TO-DATE
> Task :expo-modules-core:compileDebugJavaWithJavac UP-TO-DATE
> Task :expo-modules-core:bundleLibCompileToJarDebug UP-TO-DATE
> Task :app:processDebugResources UP-TO-DATE
> Task :expo-eas-client:checkKotlinGradlePluginConfigurationErrors SKIPPED
> Task :expo-eas-client:generateDebugBuildConfig UP-TO-DATE
> Task :expo-eas-client:compileDebugKotlin UP-TO-DATE
> Task :expo-constants:compileDebugKotlin UP-TO-DATE
> Task :expo-eas-client:javaPreCompileDebug UP-TO-DATE
> Task :expo-constants:javaPreCompileDebug UP-TO-DATE
> Task :expo-eas-client:compileDebugJavaWithJavac UP-TO-DATE
> Task :expo-constants:compileDebugJavaWithJavac UP-TO-DATE
> Task :expo-constants:bundleLibCompileToJarDebug UP-TO-DATE
> Task :expo-json-utils:checkKotlinGradlePluginConfigurationErrors SKIPPED
> Task :expo-eas-client:bundleLibCompileToJarDebug UP-TO-DATE
> Task :expo-manifests:checkKotlinGradlePluginConfigurationErrors SKIPPED
> Task :expo-json-utils:generateDebugBuildConfig UP-TO-DATE
> Task :expo-manifests:generateDebugBuildConfig UP-TO-DATE
> Task :expo-manifests:javaPreCompileDebug UP-TO-DATE
> Task :expo-structured-headers:checkKotlinGradlePluginConfigurationErrors SKIPPED
> Task :expo-structured-headers:generateDebugBuildConfig UP-TO-DATE
> Task :expo-structured-headers:compileDebugKotlin NO-SOURCE
> Task :expo-structured-headers:javaPreCompileDebug UP-TO-DATE
> Task :expo-json-utils:compileDebugKotlin UP-TO-DATE
> Task :expo-json-utils:javaPreCompileDebug UP-TO-DATE
> Task :expo-json-utils:compileDebugJavaWithJavac UP-TO-DATE
> Task :expo-json-utils:bundleLibCompileToJarDebug UP-TO-DATE
> Task :expo-structured-headers:compileDebugJavaWithJavac UP-TO-DATE
> Task :expo-structured-headers:bundleLibCompileToJarDebug UP-TO-DATE
> Task :expo-updates:checkKotlinGradlePluginConfigurationErrors SKIPPED
> Task :expo-updates:generateDebugBuildConfig UP-TO-DATE
> Task :expo-updates-interface:checkKotlinGradlePluginConfigurationErrors SKIPPED
> Task :expo-updates-interface:generateDebugBuildConfig UP-TO-DATE
> Task :expo-manifests:compileDebugKotlin UP-TO-DATE
> Task :expo-manifests:compileDebugJavaWithJavac UP-TO-DATE
> Task :expo-manifests:bundleLibCompileToJarDebug UP-TO-DATE
> Task :expo-updates-interface:compileDebugKotlin UP-TO-DATE
> Task :expo-updates:javaPreCompileDebug UP-TO-DATE
> Task :expo-updates-interface:javaPreCompileDebug UP-TO-DATE
> Task :expo:javaPreCompileDebug UP-TO-DATE
> Task :react-native-blob-util:generateDebugBuildConfig UP-TO-DATE
> Task :expo-updates-interface:compileDebugJavaWithJavac UP-TO-DATE
> Task :react-native-blob-util:javaPreCompileDebug UP-TO-DATE
> Task :expo-updates-interface:bundleLibCompileToJarDebug UP-TO-DATE
> Task :react-native-blob-util:compileDebugJavaWithJavac UP-TO-DATE
> Task :react-native-blob-util:bundleLibCompileToJarDebug UP-TO-DATE
> Task :react-native-community_masked-view:generateDebugBuildConfig UP-TO-DATE
> Task :react-native-community_masked-view:javaPreCompileDebug UP-TO-DATE
> Task :react-native-community_masked-view:compileDebugJavaWithJavac UP-TO-DATE
> Task :react-native-community_masked-view:bundleLibCompileToJarDebug UP-TO-DATE
> Task :react-native-gesture-handler:checkKotlinGradlePluginConfigurationErrors SKIPPED
> Task :react-native-gesture-handler:generateDebugBuildConfig UP-TO-DATE
> Task :react-native-reanimated:generateDebugBuildConfig UP-TO-DATE
> Task :react-native-reanimated:javaPreCompileDebug UP-TO-DATE
> Task :react-native-worklets:generateDebugBuildConfig UP-TO-DATE
> Task :react-native-worklets:javaPreCompileDebug UP-TO-DATE
> Task :expo-updates:kspDebugKotlin UP-TO-DATE
> Task :react-native-worklets:compileDebugJavaWithJavac UP-TO-DATE
> Task :react-native-worklets:bundleLibCompileToJarDebug UP-TO-DATE
> Task :react-native-reanimated:compileDebugJavaWithJavac UP-TO-DATE
> Task :react-native-reanimated:bundleLibCompileToJarDebug UP-TO-DATE
> Task :react-native-svg:generateDebugBuildConfig UP-TO-DATE
> Task :react-native-svg:javaPreCompileDebug UP-TO-DATE
> Task :react-native-svg:compileDebugJavaWithJavac UP-TO-DATE
> Task :react-native-svg:bundleLibCompileToJarDebug UP-TO-DATE
> Task :expo-updates:compileDebugKotlin UP-TO-DATE
> Task :expo-updates:compileDebugJavaWithJavac UP-TO-DATE
> Task :expo-updates:bundleLibCompileToJarDebug UP-TO-DATE
> Task :react-native-gesture-handler:compileDebugKotlin UP-TO-DATE
> Task :react-native-gesture-handler:javaPreCompileDebug UP-TO-DATE
> Task :react-native-gesture-handler:compileDebugJavaWithJavac UP-TO-DATE
> Task :react-native-gesture-handler:bundleLibCompileToJarDebug UP-TO-DATE
> Task :react-native-health-connect:checkKotlinGradlePluginConfigurationErrors SKIPPED
> Task :react-native-health-connect:generateDebugBuildConfig UP-TO-DATE
> Task :react-native-health-connect:compileDebugKotlin UP-TO-DATE
> Task :react-native-health-connect:javaPreCompileDebug UP-TO-DATE
> Task :react-native-health-connect:compileDebugJavaWithJavac UP-TO-DATE
> Task :react-native-health-connect:bundleLibCompileToJarDebug UP-TO-DATE
> Task :react-native-pdf:generateDebugBuildConfig UP-TO-DATE
> Task :react-native-pdf:javaPreCompileDebug UP-TO-DATE
> Task :react-native-pdf:compileDebugJavaWithJavac UP-TO-DATE
> Task :react-native-pdf:bundleLibCompileToJarDebug UP-TO-DATE
> Task :react-native-safe-area-context:checkKotlinGradlePluginConfigurationErrors SKIPPED
> Task :react-native-safe-area-context:generateDebugBuildConfig UP-TO-DATE
> Task :react-native-safe-area-context:compileDebugKotlin UP-TO-DATE
> Task :react-native-safe-area-context:javaPreCompileDebug UP-TO-DATE
> Task :react-native-safe-area-context:compileDebugJavaWithJavac UP-TO-DATE
> Task :react-native-safe-area-context:bundleLibCompileToJarDebug UP-TO-DATE
> Task :react-native-screens:checkKotlinGradlePluginConfigurationErrors SKIPPED
> Task :react-native-screens:generateDebugBuildConfig UP-TO-DATE
> Task :react-native-screens:compileDebugKotlin UP-TO-DATE
> Task :react-native-screens:javaPreCompileDebug UP-TO-DATE
> Task :react-native-screens:compileDebugJavaWithJavac UP-TO-DATE
> Task :react-native-screens:bundleLibCompileToJarDebug UP-TO-DATE
> Task :react-native-webview:checkKotlinGradlePluginConfigurationErrors SKIPPED
> Task :react-native-webview:generateDebugBuildConfig UP-TO-DATE
> Task :react-native-webview:compileDebugKotlin UP-TO-DATE
> Task :react-native-webview:javaPreCompileDebug UP-TO-DATE
> Task :react-native-webview:compileDebugJavaWithJavac UP-TO-DATE
> Task :react-native-webview:bundleLibCompileToJarDebug UP-TO-DATE
> Task :sentry_react-native:generateDebugBuildConfig UP-TO-DATE
> Task :sentry_react-native:javaPreCompileDebug UP-TO-DATE
> Task :sentry_react-native:compileDebugJavaWithJavac UP-TO-DATE
> Task :sentry_react-native:bundleLibCompileToJarDebug UP-TO-DATE
> Task :app:javaPreCompileDebug UP-TO-DATE
> Task :app:mergeDebugShaders UP-TO-DATE
> Task :app:compileDebugShaders NO-SOURCE
> Task :app:createDebugUpdatesResources UP-TO-DATE
> Task :app:generateDebugAssets UP-TO-DATE
> Task :expo-constants:mergeDebugShaders UP-TO-DATE
> Task :expo-constants:compileDebugShaders NO-SOURCE
> Task :expo-constants:generateDebugAssets UP-TO-DATE
> Task :expo-constants:mergeDebugAssets UP-TO-DATE
> Task :expo-eas-client:mergeDebugShaders UP-TO-DATE
> Task :expo-eas-client:compileDebugShaders NO-SOURCE
> Task :expo-eas-client:generateDebugAssets UP-TO-DATE
> Task :expo-eas-client:mergeDebugAssets UP-TO-DATE
> Task :expo-json-utils:mergeDebugShaders UP-TO-DATE
> Task :expo-json-utils:compileDebugShaders NO-SOURCE
> Task :expo-json-utils:generateDebugAssets UP-TO-DATE
> Task :expo-json-utils:mergeDebugAssets UP-TO-DATE
> Task :expo-manifests:mergeDebugShaders UP-TO-DATE
> Task :expo-manifests:compileDebugShaders NO-SOURCE
> Task :expo-manifests:generateDebugAssets UP-TO-DATE
> Task :expo-manifests:mergeDebugAssets UP-TO-DATE
> Task :expo-modules-core:mergeDebugShaders UP-TO-DATE
> Task :expo-modules-core:compileDebugShaders NO-SOURCE
> Task :expo-modules-core:generateDebugAssets UP-TO-DATE
> Task :expo-modules-core:mergeDebugAssets UP-TO-DATE
> Task :expo-structured-headers:mergeDebugShaders UP-TO-DATE
> Task :expo-structured-headers:compileDebugShaders NO-SOURCE
> Task :expo-structured-headers:generateDebugAssets UP-TO-DATE
> Task :expo-structured-headers:mergeDebugAssets UP-TO-DATE
> Task :expo-updates:mergeDebugShaders UP-TO-DATE
> Task :expo-updates:compileDebugShaders NO-SOURCE
> Task :expo-updates:generateDebugAssets UP-TO-DATE
> Task :expo-updates:mergeDebugAssets UP-TO-DATE
> Task :expo-updates-interface:mergeDebugShaders UP-TO-DATE
> Task :expo-updates-interface:compileDebugShaders NO-SOURCE
> Task :expo-updates-interface:generateDebugAssets UP-TO-DATE
> Task :expo-updates-interface:mergeDebugAssets UP-TO-DATE
> Task :react-native-blob-util:mergeDebugShaders UP-TO-DATE
> Task :react-native-blob-util:compileDebugShaders NO-SOURCE
> Task :react-native-blob-util:generateDebugAssets UP-TO-DATE
> Task :react-native-blob-util:mergeDebugAssets UP-TO-DATE
> Task :react-native-community_masked-view:mergeDebugShaders UP-TO-DATE
> Task :react-native-community_masked-view:compileDebugShaders NO-SOURCE
> Task :react-native-community_masked-view:generateDebugAssets UP-TO-DATE
> Task :react-native-community_masked-view:mergeDebugAssets UP-TO-DATE
> Task :react-native-gesture-handler:mergeDebugShaders UP-TO-DATE
> Task :react-native-gesture-handler:compileDebugShaders NO-SOURCE
> Task :react-native-gesture-handler:generateDebugAssets UP-TO-DATE
> Task :react-native-gesture-handler:mergeDebugAssets UP-TO-DATE
> Task :react-native-health-connect:mergeDebugShaders UP-TO-DATE
> Task :react-native-health-connect:compileDebugShaders NO-SOURCE
> Task :react-native-health-connect:generateDebugAssets UP-TO-DATE
> Task :react-native-health-connect:mergeDebugAssets UP-TO-DATE
> Task :react-native-pdf:mergeDebugShaders UP-TO-DATE
> Task :react-native-pdf:compileDebugShaders NO-SOURCE
> Task :react-native-pdf:generateDebugAssets UP-TO-DATE
> Task :react-native-pdf:mergeDebugAssets UP-TO-DATE
> Task :react-native-reanimated:mergeDebugShaders UP-TO-DATE
> Task :react-native-reanimated:compileDebugShaders NO-SOURCE
> Task :react-native-reanimated:generateDebugAssets UP-TO-DATE
> Task :react-native-reanimated:mergeDebugAssets UP-TO-DATE
> Task :react-native-safe-area-context:mergeDebugShaders UP-TO-DATE
> Task :react-native-safe-area-context:compileDebugShaders NO-SOURCE
> Task :react-native-safe-area-context:generateDebugAssets UP-TO-DATE
> Task :react-native-safe-area-context:mergeDebugAssets UP-TO-DATE
> Task :react-native-screens:mergeDebugShaders UP-TO-DATE
> Task :react-native-screens:compileDebugShaders NO-SOURCE
> Task :react-native-screens:generateDebugAssets UP-TO-DATE
> Task :react-native-screens:mergeDebugAssets UP-TO-DATE
> Task :react-native-svg:mergeDebugShaders UP-TO-DATE
> Task :react-native-svg:compileDebugShaders NO-SOURCE
> Task :react-native-svg:generateDebugAssets UP-TO-DATE
> Task :react-native-svg:mergeDebugAssets UP-TO-DATE
> Task :react-native-webview:mergeDebugShaders UP-TO-DATE
> Task :react-native-webview:compileDebugShaders NO-SOURCE
> Task :react-native-webview:generateDebugAssets UP-TO-DATE
> Task :react-native-webview:mergeDebugAssets UP-TO-DATE
> Task :react-native-worklets:mergeDebugShaders UP-TO-DATE
> Task :react-native-worklets:compileDebugShaders NO-SOURCE
> Task :react-native-worklets:generateDebugAssets UP-TO-DATE
> Task :react-native-worklets:mergeDebugAssets UP-TO-DATE
> Task :sentry_react-native:mergeDebugShaders UP-TO-DATE
> Task :sentry_react-native:compileDebugShaders NO-SOURCE
> Task :sentry_react-native:generateDebugAssets UP-TO-DATE
> Task :sentry_react-native:mergeDebugAssets UP-TO-DATE
> Task :react-native-gesture-handler:bundleLibRuntimeToJarDebug UP-TO-DATE
> Task :react-native-health-connect:bundleLibRuntimeToJarDebug UP-TO-DATE
> Task :react-native-safe-area-context:bundleLibRuntimeToJarDebug UP-TO-DATE
> Task :react-native-screens:bundleLibRuntimeToJarDebug UP-TO-DATE
> Task :react-native-webview:bundleLibRuntimeToJarDebug UP-TO-DATE
> Task :react-native-community_masked-view:bundleLibRuntimeToJarDebug UP-TO-DATE
> Task :sentry_react-native:bundleLibRuntimeToJarDebug UP-TO-DATE
> Task :react-native-blob-util:bundleLibRuntimeToJarDebug UP-TO-DATE
> Task :react-native-pdf:bundleLibRuntimeToJarDebug UP-TO-DATE
> Task :react-native-reanimated:bundleLibRuntimeToJarDebug UP-TO-DATE
> Task :react-native-svg:bundleLibRuntimeToJarDebug UP-TO-DATE
> Task :react-native-worklets:bundleLibRuntimeToJarDebug UP-TO-DATE
> Task :expo-modules-core:bundleLibRuntimeToJarDebug UP-TO-DATE
> Task :expo-updates:bundleLibRuntimeToJarDebug UP-TO-DATE
> Task :expo:compileDebugKotlin
> Task :expo:mergeDebugShaders UP-TO-DATE
> Task :expo:compileDebugShaders NO-SOURCE
> Task :expo:generateDebugAssets UP-TO-DATE
> Task :expo:mergeDebugAssets UP-TO-DATE
> Task :app:mergeDebugAssets UP-TO-DATE
> Task :app:compressDebugAssets UP-TO-DATE
> Task :expo-constants:bundleLibRuntimeToJarDebug UP-TO-DATE
> Task :expo-eas-client:bundleLibRuntimeToJarDebug UP-TO-DATE
> Task :expo-manifests:bundleLibRuntimeToJarDebug UP-TO-DATE
> Task :expo-json-utils:bundleLibRuntimeToJarDebug UP-TO-DATE
> Task :expo-structured-headers:bundleLibRuntimeToJarDebug UP-TO-DATE
> Task :expo-updates-interface:bundleLibRuntimeToJarDebug UP-TO-DATE
> Task :app:desugarDebugFileDependencies UP-TO-DATE
> Task :expo-constants:processDebugJavaRes UP-TO-DATE
> Task :expo-eas-client:processDebugJavaRes UP-TO-DATE
> Task :expo-json-utils:processDebugJavaRes UP-TO-DATE
> Task :expo-manifests:processDebugJavaRes UP-TO-DATE
> Task :expo-modules-core:processDebugJavaRes UP-TO-DATE
> Task :expo-structured-headers:processDebugJavaRes NO-SOURCE
> Task :expo-updates:processDebugJavaRes
> Task :expo-updates-interface:processDebugJavaRes UP-TO-DATE
> Task :react-native-blob-util:processDebugJavaRes NO-SOURCE
> Task :react-native-community_masked-view:processDebugJavaRes NO-SOURCE
> Task :react-native-gesture-handler:processDebugJavaRes UP-TO-DATE
> Task :react-native-health-connect:processDebugJavaRes UP-TO-DATE
> Task :react-native-pdf:processDebugJavaRes NO-SOURCE
> Task :react-native-reanimated:processDebugJavaRes NO-SOURCE
> Task :react-native-safe-area-context:processDebugJavaRes UP-TO-DATE
> Task :react-native-screens:processDebugJavaRes UP-TO-DATE
> Task :react-native-svg:processDebugJavaRes NO-SOURCE
> Task :react-native-webview:processDebugJavaRes UP-TO-DATE
> Task :react-native-worklets:processDebugJavaRes NO-SOURCE
> Task :sentry_react-native:processDebugJavaRes NO-SOURCE
> Task :app:checkDebugDuplicateClasses UP-TO-DATE
> Task :app:mergeExtDexDebug UP-TO-DATE
> Task :react-native-gesture-handler:bundleLibRuntimeToDirDebug UP-TO-DATE
> Task :react-native-health-connect:bundleLibRuntimeToDirDebug UP-TO-DATE
> Task :react-native-safe-area-context:bundleLibRuntimeToDirDebug UP-TO-DATE
> Task :react-native-screens:bundleLibRuntimeToDirDebug UP-TO-DATE
> Task :react-native-webview:bundleLibRuntimeToDirDebug UP-TO-DATE
> Task :react-native-community_masked-view:bundleLibRuntimeToDirDebug UP-TO-DATE
> Task :sentry_react-native:bundleLibRuntimeToDirDebug UP-TO-DATE
> Task :react-native-blob-util:bundleLibRuntimeToDirDebug UP-TO-DATE
> Task :react-native-pdf:bundleLibRuntimeToDirDebug UP-TO-DATE
> Task :react-native-reanimated:bundleLibRuntimeToDirDebug UP-TO-DATE
> Task :react-native-svg:bundleLibRuntimeToDirDebug UP-TO-DATE
> Task :react-native-worklets:bundleLibRuntimeToDirDebug UP-TO-DATE
> Task :expo-modules-core:bundleLibRuntimeToDirDebug UP-TO-DATE
> Task :expo-updates:bundleLibRuntimeToDirDebug
> Task :expo-constants:bundleLibRuntimeToDirDebug UP-TO-DATE
> Task :expo-eas-client:bundleLibRuntimeToDirDebug UP-TO-DATE
> Task :expo-manifests:bundleLibRuntimeToDirDebug UP-TO-DATE
> Task :expo-json-utils:bundleLibRuntimeToDirDebug UP-TO-DATE
> Task :expo-structured-headers:bundleLibRuntimeToDirDebug UP-TO-DATE
> Task :expo-updates-interface:bundleLibRuntimeToDirDebug UP-TO-DATE
> Task :react-native-worklets:configureCMakeDebug[arm64-v8a]
> Task :react-native-worklets:configureCMakeDebug[armeabi-v7a]
> Task :react-native-worklets:configureCMakeDebug[x86]
> Task :react-native-worklets:configureCMakeDebug[x86_64]
> Task :react-native-worklets:generateJsonModelDebug
> Task :react-native-worklets:prefabDebugConfigurePackage UP-TO-DATE
> Task :react-native-reanimated:configureCMakeDebug[arm64-v8a]
> Task :react-native-reanimated:configureCMakeDebug[armeabi-v7a]
> Task :react-native-reanimated:configureCMakeDebug[x86]
> Task :react-native-reanimated:configureCMakeDebug[x86_64]
> Task :react-native-reanimated:generateJsonModelDebug
> Task :react-native-reanimated:prefabDebugConfigurePackage UP-TO-DATE
> Task :app:configureCMakeDebug[arm64-v8a]
> Task :react-native-worklets:buildCMakeDebug[arm64-v8a][worklets]
> Task :react-native-worklets:buildCMakeDebug[armeabi-v7a][worklets]

> Task :expo:compileDebugKotlin
w: file:///home/kheleli/dev/backend/projects/mobile_without_server/node_modules/expo/android/src/main/java/expo/modules/ExpoModulesPackage.kt:34:16 This declaration overrides a deprecated member but is not marked as deprecated itself. Add the '@Deprecated' annotation or suppress the diagnostic.
w: file:///home/kheleli/dev/backend/projects/mobile_without_server/node_modules/expo/android/src/main/java/expo/modules/ExpoReactHostFactory.kt:8:8 'class ReactNativeHost : Any' is deprecated. Deprecated in Java.
w: file:///home/kheleli/dev/backend/projects/mobile_without_server/node_modules/expo/android/src/main/java/expo/modules/ExpoReactHostFactory.kt:80:22 'class ReactNativeHost : Any' is deprecated. Deprecated in Java.
w: file:///home/kheleli/dev/backend/projects/mobile_without_server/node_modules/expo/android/src/main/java/expo/modules/ReactActivityDelegateWrapper.kt:24:8 'class ReactNativeHost : Any' is deprecated. Deprecated in Java.
w: file:///home/kheleli/dev/backend/projects/mobile_without_server/node_modules/expo/android/src/main/java/expo/modules/ReactActivityDelegateWrapper.kt:58:33 'class ReactNativeHost : Any' is deprecated. Deprecated in Java.
w: file:///home/kheleli/dev/backend/projects/mobile_without_server/node_modules/expo/android/src/main/java/expo/modules/ReactActivityDelegateWrapper.kt:105:16 This declaration overrides a deprecated member but is not marked as deprecated itself. Add the '@Deprecated' annotation or suppress the diagnostic.
w: file:///home/kheleli/dev/backend/projects/mobile_without_server/node_modules/expo/android/src/main/java/expo/modules/ReactActivityDelegateWrapper.kt:105:38 'class ReactNativeHost : Any' is deprecated. Deprecated in Java.
w: file:///home/kheleli/dev/backend/projects/mobile_without_server/node_modules/expo/android/src/main/java/expo/modules/ReactActivityDelegateWrapper.kt:113:16 This declaration overrides a deprecated member but is not marked as deprecated itself. Add the '@Deprecated' annotation or suppress the diagnostic.
w: file:///home/kheleli/dev/backend/projects/mobile_without_server/node_modules/expo/android/src/main/java/expo/modules/ReactActivityDelegateWrapper.kt:114:21 'val reactInstanceManager: ReactInstanceManager' is deprecated. Deprecated in Java.
w: file:///home/kheleli/dev/backend/projects/mobile_without_server/node_modules/expo/android/src/main/java/expo/modules/ReactActivityDelegateWrapper.kt:168:36 'constructor(activity: Activity, reactNativeHost: ReactNativeHost?, appKey: String?, launchOptions: Bundle?, fabricEnabled: Boolean): ReactDelegate' is deprecated. Deprecated since 0.81.0, use one of the other constructors instead.
w: file:///home/kheleli/dev/backend/projects/mobile_without_server/node_modules/expo/android/src/main/java/expo/modules/ReactActivityDelegateWrapper.kt:279:77 'val reactInstanceManager: ReactInstanceManager' is deprecated. Deprecated in Java.
w: file:///home/kheleli/dev/backend/projects/mobile_without_server/node_modules/expo/android/src/main/java/expo/modules/ReactActivityDelegateWrapper.kt:282:22 'val reactInstanceManager: ReactInstanceManager' is deprecated. Deprecated in Java.
w: file:///home/kheleli/dev/backend/projects/mobile_without_server/node_modules/expo/android/src/main/java/expo/modules/ReactActivityDelegateWrapper.kt:286:54 'val reactInstanceManager: ReactInstanceManager' is deprecated. Deprecated in Java.
w: file:///home/kheleli/dev/backend/projects/mobile_without_server/node_modules/expo/android/src/main/java/expo/modules/ReactNativeHostWrapper.kt:6:8 'class ReactNativeHost : Any' is deprecated. Deprecated in Java.
w: file:///home/kheleli/dev/backend/projects/mobile_without_server/node_modules/expo/android/src/main/java/expo/modules/ReactNativeHostWrapper.kt:15:9 'class ReactNativeHost : Any' is deprecated. Deprecated in Java.
w: file:///home/kheleli/dev/backend/projects/mobile_without_server/node_modules/expo/android/src/main/java/expo/modules/ReactNativeHostWrapper.kt:47:60 'class ReactNativeHost : Any' is deprecated. Deprecated in Java.
w: file:///home/kheleli/dev/backend/projects/mobile_without_server/node_modules/expo/android/src/main/java/expo/modules/ReactNativeHostWrapperBase.kt:7:8 'class ReactNativeHost : Any' is deprecated. Deprecated in Java.
w: file:///home/kheleli/dev/backend/projects/mobile_without_server/node_modules/expo/android/src/main/java/expo/modules/ReactNativeHostWrapperBase.kt:16:23 'class ReactNativeHost : Any' is deprecated. Deprecated in Java.
w: file:///home/kheleli/dev/backend/projects/mobile_without_server/node_modules/expo/android/src/main/java/expo/modules/ReactNativeHostWrapperBase.kt:89:16 'class ReactNativeHost : Any' is deprecated. Deprecated in Java.
w: file:///home/kheleli/dev/backend/projects/mobile_without_server/node_modules/expo/android/src/main/java/expo/modules/ReactNativeHostWrapperBase.kt:101:38 'class ReactNativeHost : Any' is deprecated. Deprecated in Java.
w: file:///home/kheleli/dev/backend/projects/mobile_without_server/node_modules/expo/android/src/main/java/expo/modules/fetch/ExpoFetchModule.kt:30:39 'constructor(reactContext: ReactContext): ForwardingCookieHandler' is deprecated. Use the default constructor.
w: file:///home/kheleli/dev/backend/projects/mobile_without_server/node_modules/expo/android/src/main/java/expo/modules/fetch/NativeResponse.kt:42:16 This declaration overrides a deprecated member but is not marked as deprecated itself. Add the '@Deprecated' annotation or suppress the diagnostic.
w: file:///home/kheleli/dev/backend/projects/mobile_without_server/node_modules/expo/android/src/main/java/expo/modules/fetch/NativeResponse.kt:44:11 'fun deallocate(): Unit' is deprecated. Use sharedObjectDidRelease() instead.

> Task :react-native-worklets:buildCMakeDebug[x86][worklets]
> Task :expo:compileDebugJavaWithJavac
> Task :expo:bundleLibCompileToJarDebug
> Task :app:compileDebugKotlin
w: file:///home/kheleli/dev/backend/projects/mobile_without_server/android/app/src/main/java/com/hugelet/fitquest/MainApplication.kt:9:8 'class ReactNativeHost : Any' is deprecated. Deprecated in Java.
w: file:///home/kheleli/dev/backend/projects/mobile_without_server/android/app/src/main/java/com/hugelet/fitquest/MainApplication.kt:21:16 This declaration overrides a deprecated member but is not marked as deprecated itself. Add the '@Deprecated' annotation or suppress the diagnostic.
w: file:///home/kheleli/dev/backend/projects/mobile_without_server/android/app/src/main/java/com/hugelet/fitquest/MainApplication.kt:21:33 'class ReactNativeHost : Any' is deprecated. Deprecated in Java.

> Task :expo:bundleLibRuntimeToJarDebug UP-TO-DATE
> Task :expo:processDebugJavaRes UP-TO-DATE
> Task :expo:bundleLibRuntimeToDirDebug UP-TO-DATE
> Task :app:compileDebugJavaWithJavac
> Task :app:dexBuilderDebug
> Task :react-native-worklets:buildCMakeDebug[x86_64][worklets]
> Task :app:mergeDebugGlobalSynthetics
> Task :app:processDebugJavaRes
> Task :app:mergeDebugJavaResource
> Task :app:mergeLibDexDebug UP-TO-DATE
> Task :app:mergeProjectDexDebug
> Task :app:configureCMakeDebug[armeabi-v7a]
> Task :app:configureCMakeDebug[x86]
> Task :app:configureCMakeDebug[x86_64]
> Task :app:mergeDebugJniLibFolders UP-TO-DATE
> Task :expo:mergeDebugJniLibFolders UP-TO-DATE
> Task :expo:mergeDebugNativeLibs NO-SOURCE
> Task :expo:copyDebugJniLibsProjectOnly UP-TO-DATE
> Task :expo-constants:mergeDebugJniLibFolders UP-TO-DATE
> Task :expo-constants:mergeDebugNativeLibs NO-SOURCE
> Task :expo-constants:copyDebugJniLibsProjectOnly UP-TO-DATE
> Task :expo-eas-client:mergeDebugJniLibFolders UP-TO-DATE
> Task :expo-eas-client:mergeDebugNativeLibs NO-SOURCE
> Task :expo-eas-client:copyDebugJniLibsProjectOnly UP-TO-DATE
> Task :expo-json-utils:mergeDebugJniLibFolders UP-TO-DATE
> Task :expo-json-utils:mergeDebugNativeLibs NO-SOURCE
> Task :expo-json-utils:copyDebugJniLibsProjectOnly UP-TO-DATE
> Task :expo-manifests:mergeDebugJniLibFolders UP-TO-DATE
> Task :expo-manifests:mergeDebugNativeLibs NO-SOURCE
> Task :expo-manifests:copyDebugJniLibsProjectOnly UP-TO-DATE
> Task :expo-modules-core:configureCMakeDebug[arm64-v8a]
> Task :expo-modules-core:buildCMakeDebug[arm64-v8a]
> Task :expo-modules-core:configureCMakeDebug[armeabi-v7a]
> Task :expo-modules-core:buildCMakeDebug[armeabi-v7a]
> Task :expo-modules-core:configureCMakeDebug[x86]
> Task :expo-modules-core:buildCMakeDebug[x86]
> Task :expo-modules-core:configureCMakeDebug[x86_64]
> Task :expo-modules-core:buildCMakeDebug[x86_64]

> Task :react-native-worklets:buildCMakeDebug[x86_64][worklets]
C/C++: ninja: Entering directory `/home/kheleli/dev/backend/projects/mobile_without_server/node_modules/react-native-worklets/android/.cxx/Debug/2h2a1b3h/x86_64'
C/C++: : && /home/kheleli/Android/Sdk/ndk/27.1.12297006/toolchains/llvm/prebuilt/linux-x86_64/bin/clang++ --target=x86_64-none-linux-android26 --sysroot=/home/kheleli/Android/Sdk/ndk/27.1.12297006/toolchains/llvm/prebuilt/linux-x86_64/sysroot -fPIC -g -DANDROID -fdata-sections -ffunction-sections -funwind-tables -fstack-protector-strong -no-canonical-prefixes -D__BIONIC_NO_PAGE_SIZE_MACRO -D_FORTIFY_SOURCE=2 -Wformat -Werror=format-security   -DREACT_NATIVE_MINOR_VERSION=81         -DWORKLETS_VERSION=0.5.1         -DWORKLETS_FEATURE_FLAGS="[RUNTIME_TEST_FLAG:false][IOS_DYNAMIC_FRAMERATE_ENABLED:true]" -fno-omit-frame-pointer -fstack-protector-all -DJS_RUNTIME_HERMES=1 -DHERMES_ENABLE_DEBUGGER=1 -fno-limit-debug-info  -Wl,-z,max-page-size=16384 -Wl,--build-id=sha1 -Wl,--no-rosegment -Wl,--no-undefined-version -Wl,--fatal-warnings -Wl,--no-undefined -Qunused-arguments -shared -Wl,-soname,libworklets.so -o ../../../../build/intermediates/cxx/Debug/2h2a1b3h/obj/x86_64/libworklets.so CMakeFiles/worklets.dir/home/kheleli/dev/backend/projects/mobile_without_server/node_modules/react-native-worklets/Common/cpp/worklets/AnimationFrameQueue/AnimationFrameBatchinator.cpp.o CMakeFiles/worklets.dir/home/kheleli/dev/backend/projects/mobile_without_server/node_modules/react-native-worklets/Common/cpp/worklets/NativeModules/JSIWorkletsModuleProxy.cpp.o CMakeFiles/worklets.dir/home/kheleli/dev/backend/projects/mobile_without_server/node_modules/react-native-worklets/Common/cpp/worklets/NativeModules/WorkletsModuleProxy.cpp.o CMakeFiles/worklets.dir/home/kheleli/dev/backend/projects/mobile_without_server/node_modules/react-native-worklets/Common/cpp/worklets/Registries/EventHandlerRegistry.cpp.o CMakeFiles/worklets.dir/home/kheleli/dev/backend/projects/mobile_without_server/node_modules/react-native-worklets/Common/cpp/worklets/Registries/WorkletRuntimeRegistry.cpp.o CMakeFiles/worklets.dir/home/kheleli/dev/backend/projects/mobile_without_server/node_modules/react-native-worklets/Common/cpp/worklets/Resources/SynchronizableUnpacker.cpp.o CMakeFiles/worklets.dir/home/kheleli/dev/backend/projects/mobile_without_server/node_modules/react-native-worklets/Common/cpp/worklets/Resources/ValueUnpacker.cpp.o CMakeFiles/worklets.dir/home/kheleli/dev/backend/projects/mobile_without_server/node_modules/react-native-worklets/Common/cpp/worklets/RunLoop/AsyncQueueImpl.cpp.o CMakeFiles/worklets.dir/home/kheleli/dev/backend/projects/mobile_without_server/node_modules/react-native-worklets/Common/cpp/worklets/RunLoop/EventLoop.cpp.o CMakeFiles/worklets.dir/home/kheleli/dev/backend/projects/mobile_without_server/node_modules/react-native-worklets/Common/cpp/worklets/SharedItems/Serializable.cpp.o CMakeFiles/worklets.dir/home/kheleli/dev/backend/projects/mobile_without_server/node_modules/react-native-worklets/Common/cpp/worklets/SharedItems/Synchronizable.cpp.o CMakeFiles/worklets.dir/home/kheleli/dev/backend/projects/mobile_without_server/node_modules/react-native-worklets/Common/cpp/worklets/SharedItems/SynchronizableAccess.cpp.o CMakeFiles/worklets.dir/home/kheleli/dev/backend/projects/mobile_without_server/node_modules/react-native-worklets/Common/cpp/worklets/Tools/FeatureFlags.cpp.o CMakeFiles/worklets.dir/home/kheleli/dev/backend/projects/mobile_without_server/node_modules/react-native-worklets/Common/cpp/worklets/Tools/JSISerializer.cpp.o CMakeFiles/worklets.dir/home/kheleli/dev/backend/projects/mobile_without_server/node_modules/react-native-worklets/Common/cpp/worklets/Tools/JSLogger.cpp.o CMakeFiles/worklets.dir/home/kheleli/dev/backend/projects/mobile_without_server/node_modules/react-native-worklets/Common/cpp/worklets/Tools/JSScheduler.cpp.o CMakeFiles/worklets.dir/home/kheleli/dev/backend/projects/mobile_without_server/node_modules/react-native-worklets/Common/cpp/worklets/Tools/UIScheduler.cpp.o CMakeFiles/worklets.dir/home/kheleli/dev/backend/projects/mobile_without_server/node_modules/react-native-worklets/Common/cpp/worklets/Tools/VersionUtils.cpp.o CMakeFiles/worklets.dir/home/kheleli/dev/backend/projects/mobile_without_server/node_modules/react-native-worklets/Common/cpp/worklets/Tools/WorkletEventHandler.cpp.o CMakeFiles/worklets.dir/home/kheleli/dev/backend/projects/mobile_without_server/node_modules/react-native-worklets/Common/cpp/worklets/Tools/WorkletsJSIUtils.cpp.o CMakeFiles/worklets.dir/home/kheleli/dev/backend/projects/mobile_without_server/node_modules/react-native-worklets/Common/cpp/worklets/Tools/WorkletsVersion.cpp.o CMakeFiles/worklets.dir/home/kheleli/dev/backend/projects/mobile_without_server/node_modules/react-native-worklets/Common/cpp/worklets/WorkletRuntime/RNRuntimeWorkletDecorator.cpp.o CMakeFiles/worklets.dir/home/kheleli/dev/backend/projects/mobile_without_server/node_modules/react-native-worklets/Common/cpp/worklets/WorkletRuntime/RuntimeData.cpp.o CMakeFiles/worklets.dir/home/kheleli/dev/backend/projects/mobile_without_server/node_modules/react-native-worklets/Common/cpp/worklets/WorkletRuntime/RuntimeManager.cpp.o CMakeFiles/worklets.dir/home/kheleli/dev/backend/projects/mobile_without_server/node_modules/react-native-worklets/Common/cpp/worklets/WorkletRuntime/UIRuntimeDecorator.cpp.o CMakeFiles/worklets.dir/home/kheleli/dev/backend/projects/mobile_without_server/node_modules/react-native-worklets/Common/cpp/worklets/WorkletRuntime/WorkletHermesRuntime.cpp.o CMakeFiles/worklets.dir/home/kheleli/dev/backend/projects/mobile_without_server/node_modules/react-native-worklets/Common/cpp/worklets/WorkletRuntime/WorkletRuntime.cpp.o CMakeFiles/worklets.dir/home/kheleli/dev/backend/projects/mobile_without_server/node_modules/react-native-worklets/Common/cpp/worklets/WorkletRuntime/WorkletRuntimeDecorator.cpp.o CMakeFiles/worklets.dir/src/main/cpp/worklets/android/AndroidUIScheduler.cpp.o CMakeFiles/worklets.dir/src/main/cpp/worklets/android/PlatformLogger.cpp.o CMakeFiles/worklets.dir/src/main/cpp/worklets/android/WorkletsModule.cpp.o CMakeFiles/worklets.dir/src/main/cpp/worklets/android/WorkletsOnLoad.cpp.o  -llog  /home/kheleli/.gradle/caches/8.14.3/transforms/86c4502a02865a420bd555f1139b6766/transformed/react-android-0.81.5-debug/prefab/modules/jsi/libs/android.x86_64/libjsi.so  /home/kheleli/.gradle/caches/8.14.3/transforms/cb1814ed6e2359b86fc0f824dfc20795/transformed/fbjni-0.7.0/prefab/modules/fbjni/libs/android.x86_64/libfbjni.so  /home/kheleli/.gradle/caches/8.14.3/transforms/86c4502a02865a420bd555f1139b6766/transformed/react-android-0.81.5-debug/prefab/modules/reactnative/libs/android.x86_64/libreactnative.so  /home/kheleli/.gradle/caches/8.14.3/transforms/df7623e365398d34df5c1e10d6dccf38/transformed/hermes-android-0.81.5-debug/prefab/modules/libhermes/libs/android.x86_64/libhermes.so  /home/kheleli/.gradle/caches/8.14.3/transforms/86c4502a02865a420bd555f1139b6766/transformed/react-android-0.81.5-debug/prefab/modules/hermestooling/libs/android.x86_64/libhermestooling.so  -latomic -lm && :
C/C++: clang++: error: no such file or directory: 'CMakeFiles/worklets.dir/home/kheleli/dev/backend/projects/mobile_without_server/node_modules/react-native-worklets/Common/cpp/worklets/WorkletRuntime/RNRuntimeWorkletDecorator.cpp.o'
C/C++: clang++: error: no such file or directory: 'CMakeFiles/worklets.dir/src/main/cpp/worklets/android/AndroidUIScheduler.cpp.o'
C/C++: ninja: build stopped: subcommand failed.

> Task :react-native-worklets:buildCMakeDebug[x86_64][worklets] FAILED
w: Detected multiple Kotlin daemon sessions at 

[Incubating] Problems report is available at: file:///home/kheleli/dev/backend/projects/mobile_without_server/android/build/reports/problems/problems-report.html

FAILURE: Build failed with an exception.

* What went wrong:
Execution failed for task ':react-native-worklets:buildCMakeDebug[x86_64][worklets]'.
> com.android.ide.common.process.ProcessException: ninja: Entering directory `/home/kheleli/dev/backend/projects/mobile_without_server/node_modules/react-native-worklets/android/.cxx/Debug/2h2a1b3h/x86_64'
  [0/2] Re-checking globbed directories...
  [1/9] Building CXX object CMakeFiles/worklets.dir/src/main/cpp/worklets/android/PlatformLogger.cpp.o
  
  C++ build system [build] failed while executing:
      /home/kheleli/Android/Sdk/cmake/3.22.1/bin/ninja \
        -C \
        /home/kheleli/dev/backend/projects/mobile_without_server/node_modules/react-native-worklets/android/.cxx/Debug/2h2a1b3h/x86_64 \
        worklets
    from /home/kheleli/dev/backend/projects/mobile_without_server/node_modules/react-native-worklets/android

* Try:
> Run with --stacktrace option to get the stack trace.
> Run with --info or --debug option to get more log output.
> Run with --scan to get full insights.
> Get more help at https://help.gradle.org.

Deprecated Gradle features were used in this build, making it incompatible with Gradle 9.0.

You can use '--warning-mode all' to show the individual deprecation warnings and determine if they come from your own scripts or plugins.

For more on this, please refer to https://docs.gradle.org/8.14.3/userguide/command_line_interface.html#sec:command_line_warnings in the Gradle documentation.

BUILD FAILED in 25m 39s
511 actionable tasks: 40 executed, 471 up-to-date
__EXIT=1
