
> fitquest-mobile@1.0.0 verify:food-db
> node scripts/verify-food-db.mjs

FitQuest Food DB verification
============================
✓ database.parsed — 861 items
✓ database.total — 861/861
✓ region.AU.min — 85 (min 80)
✓ region.AU.exact — 85/85
✓ region.ZA.min — 90 (min 80)
✓ region.ZA.exact — 90/90
✓ region.EE.min — 85 (min 80)
✓ region.EE.exact — 85/85
✓ region.SA.min — 85 (min 80)
✓ region.SA.exact — 85/85
✓ region.NA.min — 85 (min 80)
✓ region.NA.exact — 85/85
✓ region.MAF.min — 88 (min 80)
✓ region.MAF.exact — 88/88
✓ region.EME.min — 85 (min 80)
✓ region.EME.exact — 85/85
✓ region.AS.min — 88 (min 80)
✓ region.AS.exact — 88/88
✓ region.PAC.min — 85 (min 80)
✓ region.PAC.exact — 85/85
✓ region.CAS.min — 85 (min 80)
✓ region.CAS.exact — 85/85
✓ region.set — AS, AU, CAS, EE, EME, MAF, NA, PAC, SA, ZA
✓ region_name.duplicates — none

✅ Food DB verification passed
