
> fitquest-mobile@1.0.0 verify:quality:110
> node scripts/quality-110-gate.mjs

FitQuest Quality 110 Gate
========================

→ Phase 10 lite verification

> fitquest-mobile@1.0.0 verify:phase10:lite
> node scripts/phase10-verify-lite.mjs

FitQuest Phase 10 verification (lite)
=====================================

→ Phase 9 lite baseline

> fitquest-mobile@1.0.0 verify:phase9:lite
> node scripts/phase9-verify-lite.mjs

FitQuest Phase 9 verification (lite)
====================================

→ Phase 8 lite baseline

> fitquest-mobile@1.0.0 verify:phase8:lite
> node scripts/phase8-verify-lite.mjs

FitQuest Phase 8 verification (lite)
====================================

→ Phase 7 lite baseline

> fitquest-mobile@1.0.0 verify:phase7:lite
> node scripts/phase7-verify-lite.mjs

FitQuest Phase 7 verification (lite)
====================================

→ Phase 6 lite baseline

> fitquest-mobile@1.0.0 verify:phase6:lite
> node scripts/phase6-verify-lite.mjs

FitQuest Phase 6 verification (lite)
====================================

→ Phase 5 lite baseline

> fitquest-mobile@1.0.0 verify:phase5:lite
> node scripts/phase5-verify-lite.mjs

FitQuest Phase 5 verification (lite)
====================================

→ Phase 4 lite baseline

> fitquest-mobile@1.0.0 verify:phase4:lite
> node scripts/phase4-verify-lite.mjs

FitQuest Phase 4 verification (lite)
====================================

→ Phase 3 lite baseline

> fitquest-mobile@1.0.0 verify:phase3:lite
> node scripts/phase3-verify-lite.mjs

FitQuest Phase 3 verification (lite)
====================================

→ Phase 2 lite baseline

> fitquest-mobile@1.0.0 verify:phase2:lite
> node scripts/phase2-verify-lite.mjs

FitQuest Phase 2 verification (lite)
====================================

→ OAuth preflight

> fitquest-mobile@1.0.0 preflight:oauth
> node scripts/oauth-preflight.mjs

FitQuest OAuth preflight
=======================
✓ Root .env exists
✓ Root env source available — .env.local override loaded
✓ Server .env exists
✓ At least one Google mobile client ID present
✓ Android sign-in client configuration present — fallback client
✓ Google web/iOS fallback client present — web
✓ GOOGLE_CLIENT_ID present in server/.env
✓ Mobile and server Google client IDs aligned
✓ Android package aligned (app.json vs build.gradle) — com.hugelet.fitquest vs com.hugelet.fitquest

Warnings:
- Android-specific Google client ID is missing; using web/iOS fallback for Expo AuthSession

Result: OAuth configuration is ready for Google sign-in.
✓ OAuth preflight

→ Backend smoke (Phase 2)

> fitquest-phase2-backend@0.0.1 smoke:phase2
> node scripts/phase2-smoke.mjs

Phase 2 smoke test starting on http://localhost:8788
[server] [fitquest-backend] listening on http://localhost:8788
✓ health
✓ auth/dev
✓ auth/refresh rotation
✓ me
✓ users/consent
✓ users/migrate
✓ backups create
✓ backups list
✓ backups fetch
✓ backups overwrite
✓ users/export
✓ auth/logout
✓ backups delete
✓ users/data delete
✓ post-delete export check
Phase 2 smoke test passed
[server] [fitquest-backend] SIGTERM received, shutting down…
✓ Backend smoke (Phase 2)

✅ Phase 2 lite verification passed
✓ Phase 2 lite baseline

→ Backend smoke (Phase 3)

> fitquest-phase2-backend@0.0.1 smoke:phase3
> node scripts/phase3-smoke.mjs

Phase 3 smoke test starting on http://localhost:8789
[server] [fitquest-backend] listening on http://localhost:8789
✓ health
✓ auth/dev
✓ backup snapshot
✓ sync/state-meta v1
✓ sync/state-meta latest
✓ sync/events append + dedupe
✓ sync/events list
✓ sync/state-meta conflict
✓ sync/state-meta v2
✓ sync/state-meta latest v2
✓ users/data delete
Phase 3 smoke test passed
[server] [fitquest-backend] SIGTERM received, shutting down…
✓ Backend smoke (Phase 3)

✅ Phase 3 lite verification passed
✓ Phase 3 lite baseline

→ Backend smoke (Phase 4)

> fitquest-phase2-backend@0.0.1 smoke:phase4
> node scripts/phase4-smoke.mjs

Phase 4 smoke test starting on http://localhost:8790
[server] [fitquest-backend] listening on http://localhost:8790
✓ health
✓ auth/dev
✓ analytics consent gate
✓ users/consent
✓ analytics/events ingest
✓ analytics/summary
✓ analytics/tuning-suggestions
✓ users/data delete
Phase 4 smoke test passed
[server] [fitquest-backend] SIGTERM received, shutting down…
✓ Backend smoke (Phase 4)

✅ Phase 4 lite verification passed
✓ Phase 4 lite baseline

→ Typecheck

> fitquest-mobile@1.0.0 typecheck
> tsc --noEmit

✓ Typecheck

→ Adaptive profile tests
[33mThe CJS build of Vite's Node API is deprecated. See https://vite.dev/guide/troubleshooting.html#vite-cjs-node-api-deprecated for more details.[39m

 RUN  v2.1.9 /home/kheleli/dev/backend/projects/mobile_without_server

 ✓ tests/adaptiveTrainingService.test.ts (2 tests) 5ms

 Test Files  1 passed (1)
      Tests  2 passed (2)
   Start at  17:21:02
   Duration  880ms (transform 131ms, setup 0ms, collect 119ms, tests 5ms, environment 0ms, prepare 178ms)

✓ Adaptive profile tests

✅ Phase 5 lite verification passed
✓ Phase 5 lite baseline

→ Typecheck

> fitquest-mobile@1.0.0 typecheck
> tsc --noEmit

✓ Typecheck

✅ Phase 6 lite verification passed
✓ Phase 6 lite baseline

→ Typecheck

> fitquest-mobile@1.0.0 typecheck
> tsc --noEmit

✓ Typecheck

→ Phase foundation tests
[33mThe CJS build of Vite's Node API is deprecated. See https://vite.dev/guide/troubleshooting.html#vite-cjs-node-api-deprecated for more details.[39m

 RUN  v2.1.9 /home/kheleli/dev/backend/projects/mobile_without_server

 ✓ tests/phaseFoundation.test.ts (2 tests) 6ms

 Test Files  1 passed (1)
      Tests  2 passed (2)
   Start at  17:22:13
   Duration  683ms (transform 79ms, setup 0ms, collect 61ms, tests 6ms, environment 0ms, prepare 161ms)

✓ Phase foundation tests

→ Phase 7-10 module tests
[33mThe CJS build of Vite's Node API is deprecated. See https://vite.dev/guide/troubleshooting.html#vite-cjs-node-api-deprecated for more details.[39m

 RUN  v2.1.9 /home/kheleli/dev/backend/projects/mobile_without_server

 ✓ tests/phase710Foundations.test.ts (6 tests) 12ms

 Test Files  1 passed (1)
      Tests  6 passed (6)
   Start at  17:22:16
   Duration  739ms (transform 126ms, setup 0ms, collect 125ms, tests 12ms, environment 0ms, prepare 149ms)

✓ Phase 7-10 module tests

✅ Phase 7 lite verification passed
✓ Phase 7 lite baseline

→ Typecheck

> fitquest-mobile@1.0.0 typecheck
> tsc --noEmit

✓ Typecheck

→ Phase 7-10 module tests
[33mThe CJS build of Vite's Node API is deprecated. See https://vite.dev/guide/troubleshooting.html#vite-cjs-node-api-deprecated for more details.[39m

 RUN  v2.1.9 /home/kheleli/dev/backend/projects/mobile_without_server

 ✓ tests/phase710Foundations.test.ts (6 tests) 8ms

 Test Files  1 passed (1)
      Tests  6 passed (6)
   Start at  17:22:51
   Duration  649ms (transform 95ms, setup 0ms, collect 88ms, tests 8ms, environment 0ms, prepare 113ms)

✓ Phase 7-10 module tests

✅ Phase 8 lite verification passed
✓ Phase 8 lite baseline

→ Typecheck

> fitquest-mobile@1.0.0 typecheck
> tsc --noEmit

✓ Typecheck

→ Phase foundation tests
[33mThe CJS build of Vite's Node API is deprecated. See https://vite.dev/guide/troubleshooting.html#vite-cjs-node-api-deprecated for more details.[39m

 RUN  v2.1.9 /home/kheleli/dev/backend/projects/mobile_without_server

 ✓ tests/phaseFoundation.test.ts (2 tests) 10ms

 Test Files  1 passed (1)
      Tests  2 passed (2)
   Start at  17:23:20
   Duration  895ms (transform 140ms, setup 0ms, collect 169ms, tests 10ms, environment 1ms, prepare 160ms)

✓ Phase foundation tests

✅ Phase 9 lite verification passed
✓ Phase 9 lite baseline

→ Typecheck

> fitquest-mobile@1.0.0 typecheck
> tsc --noEmit

✓ Typecheck

→ Phase foundation tests
[33mThe CJS build of Vite's Node API is deprecated. See https://vite.dev/guide/troubleshooting.html#vite-cjs-node-api-deprecated for more details.[39m

 RUN  v2.1.9 /home/kheleli/dev/backend/projects/mobile_without_server

 ✓ tests/phase710Foundations.test.ts (6 tests) 10ms
 ✓ tests/phaseFoundation.test.ts (2 tests) 6ms

 Test Files  2 passed (2)
      Tests  8 passed (8)
   Start at  17:23:50
   Duration  1.41s (transform 147ms, setup 0ms, collect 137ms, tests 16ms, environment 1ms, prepare 309ms)

✓ Phase foundation tests

✅ Phase 10 lite verification passed
✓ Phase 10 lite verification

→ Simulation lite verification

> fitquest-mobile@1.0.0 verify:simulation:lite
> node scripts/simulation-verify-lite.mjs

FitQuest Simulation verification (lite)
====================================

→ Phase 10 lite verification

> fitquest-mobile@1.0.0 verify:phase10:lite
> node scripts/phase10-verify-lite.mjs

FitQuest Phase 10 verification (lite)
=====================================

→ Phase 9 lite baseline

> fitquest-mobile@1.0.0 verify:phase9:lite
> node scripts/phase9-verify-lite.mjs

FitQuest Phase 9 verification (lite)
====================================

→ Phase 8 lite baseline

> fitquest-mobile@1.0.0 verify:phase8:lite
> node scripts/phase8-verify-lite.mjs

FitQuest Phase 8 verification (lite)
====================================

→ Phase 7 lite baseline

> fitquest-mobile@1.0.0 verify:phase7:lite
> node scripts/phase7-verify-lite.mjs

FitQuest Phase 7 verification (lite)
====================================

→ Phase 6 lite baseline

> fitquest-mobile@1.0.0 verify:phase6:lite
> node scripts/phase6-verify-lite.mjs

FitQuest Phase 6 verification (lite)
====================================

→ Phase 5 lite baseline

> fitquest-mobile@1.0.0 verify:phase5:lite
> node scripts/phase5-verify-lite.mjs

FitQuest Phase 5 verification (lite)
====================================

→ Phase 4 lite baseline

> fitquest-mobile@1.0.0 verify:phase4:lite
> node scripts/phase4-verify-lite.mjs

FitQuest Phase 4 verification (lite)
====================================

→ Phase 3 lite baseline

> fitquest-mobile@1.0.0 verify:phase3:lite
> node scripts/phase3-verify-lite.mjs

FitQuest Phase 3 verification (lite)
====================================

→ Phase 2 lite baseline

> fitquest-mobile@1.0.0 verify:phase2:lite
> node scripts/phase2-verify-lite.mjs

FitQuest Phase 2 verification (lite)
====================================

→ OAuth preflight

> fitquest-mobile@1.0.0 preflight:oauth
> node scripts/oauth-preflight.mjs

FitQuest OAuth preflight
=======================
✓ Root .env exists
✓ Root env source available — .env.local override loaded
✓ Server .env exists
✓ At least one Google mobile client ID present
✓ Android sign-in client configuration present — fallback client
✓ Google web/iOS fallback client present — web
✓ GOOGLE_CLIENT_ID present in server/.env
✓ Mobile and server Google client IDs aligned
✓ Android package aligned (app.json vs build.gradle) — com.hugelet.fitquest vs com.hugelet.fitquest

Warnings:
- Android-specific Google client ID is missing; using web/iOS fallback for Expo AuthSession

Result: OAuth configuration is ready for Google sign-in.
✓ OAuth preflight

→ Backend smoke (Phase 2)

> fitquest-phase2-backend@0.0.1 smoke:phase2
> node scripts/phase2-smoke.mjs

Phase 2 smoke test starting on http://localhost:8788
[server] [fitquest-backend] listening on http://localhost:8788
✓ health
✓ auth/dev
✓ auth/refresh rotation
✓ me
✓ users/consent
✓ users/migrate
✓ backups create
✓ backups list
✓ backups fetch
✓ backups overwrite
✓ users/export
✓ auth/logout
✓ backups delete
✓ users/data delete
✓ post-delete export check
Phase 2 smoke test passed
[server] [fitquest-backend] SIGTERM received, shutting down…
✓ Backend smoke (Phase 2)

✅ Phase 2 lite verification passed
✓ Phase 2 lite baseline

→ Backend smoke (Phase 3)

> fitquest-phase2-backend@0.0.1 smoke:phase3
> node scripts/phase3-smoke.mjs

Phase 3 smoke test starting on http://localhost:8789
[server] [fitquest-backend] listening on http://localhost:8789
✓ health
✓ auth/dev
✓ backup snapshot
✓ sync/state-meta v1
✓ sync/state-meta latest
✓ sync/events append + dedupe
✓ sync/events list
✓ sync/state-meta conflict
✓ sync/state-meta v2
✓ sync/state-meta latest v2
✓ users/data delete
Phase 3 smoke test passed
[server] [fitquest-backend] SIGTERM received, shutting down…
✓ Backend smoke (Phase 3)

✅ Phase 3 lite verification passed
✓ Phase 3 lite baseline

→ Backend smoke (Phase 4)

> fitquest-phase2-backend@0.0.1 smoke:phase4
> node scripts/phase4-smoke.mjs

Phase 4 smoke test starting on http://localhost:8790
[server] [fitquest-backend] listening on http://localhost:8790
✓ health
✓ auth/dev
✓ analytics consent gate
✓ users/consent
✓ analytics/events ingest
✓ analytics/summary
✓ analytics/tuning-suggestions
✓ users/data delete
Phase 4 smoke test passed
[server] [fitquest-backend] SIGTERM received, shutting down…
✓ Backend smoke (Phase 4)

✅ Phase 4 lite verification passed
✓ Phase 4 lite baseline

→ Typecheck

> fitquest-mobile@1.0.0 typecheck
> tsc --noEmit

✓ Typecheck

→ Adaptive profile tests
[33mThe CJS build of Vite's Node API is deprecated. See https://vite.dev/guide/troubleshooting.html#vite-cjs-node-api-deprecated for more details.[39m

 RUN  v2.1.9 /home/kheleli/dev/backend/projects/mobile_without_server

 ✓ tests/adaptiveTrainingService.test.ts (2 tests) 8ms

 Test Files  1 passed (1)
      Tests  2 passed (2)
   Start at  17:24:33
   Duration  776ms (transform 98ms, setup 0ms, collect 85ms, tests 8ms, environment 1ms, prepare 158ms)

✓ Adaptive profile tests

✅ Phase 5 lite verification passed
✓ Phase 5 lite baseline

→ Typecheck

> fitquest-mobile@1.0.0 typecheck
> tsc --noEmit

✓ Typecheck

✅ Phase 6 lite verification passed
✓ Phase 6 lite baseline

→ Typecheck

> fitquest-mobile@1.0.0 typecheck
> tsc --noEmit

✓ Typecheck

→ Phase foundation tests
[33mThe CJS build of Vite's Node API is deprecated. See https://vite.dev/guide/troubleshooting.html#vite-cjs-node-api-deprecated for more details.[39m

 RUN  v2.1.9 /home/kheleli/dev/backend/projects/mobile_without_server

 ✓ tests/phaseFoundation.test.ts (2 tests) 9ms

 Test Files  1 passed (1)
      Tests  2 passed (2)
   Start at  17:25:35
   Duration  722ms (transform 104ms, setup 0ms, collect 57ms, tests 9ms, environment 0ms, prepare 191ms)

✓ Phase foundation tests

→ Phase 7-10 module tests
[33mThe CJS build of Vite's Node API is deprecated. See https://vite.dev/guide/troubleshooting.html#vite-cjs-node-api-deprecated for more details.[39m

 RUN  v2.1.9 /home/kheleli/dev/backend/projects/mobile_without_server

 ✓ tests/phase710Foundations.test.ts (6 tests) 12ms

 Test Files  1 passed (1)
      Tests  6 passed (6)
   Start at  17:25:37
   Duration  1.04s (transform 188ms, setup 0ms, collect 180ms, tests 12ms, environment 1ms, prepare 339ms)

✓ Phase 7-10 module tests

✅ Phase 7 lite verification passed
✓ Phase 7 lite baseline

→ Typecheck

> fitquest-mobile@1.0.0 typecheck
> tsc --noEmit

✓ Typecheck

→ Phase 7-10 module tests
[33mThe CJS build of Vite's Node API is deprecated. See https://vite.dev/guide/troubleshooting.html#vite-cjs-node-api-deprecated for more details.[39m

 RUN  v2.1.9 /home/kheleli/dev/backend/projects/mobile_without_server

 ✓ tests/phase710Foundations.test.ts (6 tests) 8ms

 Test Files  1 passed (1)
      Tests  6 passed (6)
   Start at  17:26:09
   Duration  593ms (transform 96ms, setup 0ms, collect 84ms, tests 8ms, environment 0ms, prepare 113ms)

✓ Phase 7-10 module tests

✅ Phase 8 lite verification passed
✓ Phase 8 lite baseline

→ Typecheck

> fitquest-mobile@1.0.0 typecheck
> tsc --noEmit

✓ Typecheck

→ Phase foundation tests
[33mThe CJS build of Vite's Node API is deprecated. See https://vite.dev/guide/troubleshooting.html#vite-cjs-node-api-deprecated for more details.[39m

 RUN  v2.1.9 /home/kheleli/dev/backend/projects/mobile_without_server

 ✓ tests/phaseFoundation.test.ts (2 tests) 6ms

 Test Files  1 passed (1)
      Tests  2 passed (2)
   Start at  17:26:31
   Duration  628ms (transform 73ms, setup 0ms, collect 74ms, tests 6ms, environment 0ms, prepare 117ms)

✓ Phase foundation tests

✅ Phase 9 lite verification passed
✓ Phase 9 lite baseline

→ Typecheck

> fitquest-mobile@1.0.0 typecheck
> tsc --noEmit

✓ Typecheck

→ Phase foundation tests
[33mThe CJS build of Vite's Node API is deprecated. See https://vite.dev/guide/troubleshooting.html#vite-cjs-node-api-deprecated for more details.[39m

 RUN  v2.1.9 /home/kheleli/dev/backend/projects/mobile_without_server

 ✓ tests/phase710Foundations.test.ts (6 tests) 7ms
 ✓ tests/phaseFoundation.test.ts (2 tests) 5ms

 Test Files  2 passed (2)
      Tests  8 passed (8)
   Start at  17:26:52
   Duration  907ms (transform 101ms, setup 0ms, collect 99ms, tests 12ms, environment 1ms, prepare 181ms)

✓ Phase foundation tests

✅ Phase 10 lite verification passed
✓ Phase 10 lite verification

→ Targeted simulation tests
[33mThe CJS build of Vite's Node API is deprecated. See https://vite.dev/guide/troubleshooting.html#vite-cjs-node-api-deprecated for more details.[39m

 RUN  v2.1.9 /home/kheleli/dev/backend/projects/mobile_without_server

 ✓ tests/phase710Foundations.test.ts (6 tests) 9ms
 ✓ tests/adaptiveTrainingService.test.ts (2 tests) 8ms
 ✓ tests/phaseFoundation.test.ts (2 tests) 13ms

 Test Files  3 passed (3)
      Tests  10 passed (10)
   Start at  17:26:55
   Duration  1.83s (transform 173ms, setup 0ms, collect 219ms, tests 30ms, environment 1ms, prepare 320ms)

✓ Targeted simulation tests
✓ route.platform-studio
✓ route.autonomous-center
✓ route.federation-hub
✓ route.enterprise-hardening
✓ menu.platform-studio
✓ menu.autonomous-center
✓ menu.federation-hub
✓ menu.enterprise-hardening

✓ Simulation report: reports/simulation-lite-latest.md

✅ Simulation lite verification passed
✓ Simulation lite verification

→ Typecheck

> fitquest-mobile@1.0.0 typecheck
> tsc --noEmit

✓ Typecheck

→ Targeted quality tests
[33mThe CJS build of Vite's Node API is deprecated. See https://vite.dev/guide/troubleshooting.html#vite-cjs-node-api-deprecated for more details.[39m

 RUN  v2.1.9 /home/kheleli/dev/backend/projects/mobile_without_server

 ✓ tests/progressionEngine.test.ts (17 tests) 12ms
 ✓ tests/phase710Foundations.test.ts (6 tests) 15ms
 ✓ tests/securityPolicy.test.ts (2 tests) 31ms
 ✓ tests/adaptiveTrainingService.test.ts (2 tests) 6ms
 ✓ tests/loggerRedaction.test.ts (2 tests) 9ms
 ✓ tests/phaseFoundation.test.ts (2 tests) 8ms

 Test Files  6 passed (6)
      Tests  31 passed (31)
   Start at  17:27:23
   Duration  3.75s (transform 242ms, setup 0ms, collect 325ms, tests 81ms, environment 2ms, prepare 759ms)

✓ Targeted quality tests

→ Monetization verification

> fitquest-mobile@1.0.0 verify:monetization:lite
> node scripts/monetization-verify-lite.mjs

FitQuest Monetization verification (lite)
========================================
✓ revenuecat.env_key
✓ entitlement.validation
✓ restore.flow
✓ offline.grace.rule
✓ offline.cache.persisted

✓ Monetization matrix: reports/monetization-test-matrix.md

✅ Monetization lite verification passed
✓ Monetization verification

→ Food DB verification

> fitquest-mobile@1.0.0 verify:food-db
> node scripts/verify-food-db.mjs

FitQuest Food DB verification
============================
✓ database.parsed — 861 items
✓ database.total — 861/861
✓ region.AU.min — 85 (min 80)
✓ region.AU.exact — 85/85
✓ region.ZA.min — 90 (min 80)
✓ region.ZA.exact — 90/90
✓ region.EE.min — 85 (min 80)
✓ region.EE.exact — 85/85
✓ region.SA.min — 85 (min 80)
✓ region.SA.exact — 85/85
✓ region.NA.min — 85 (min 80)
✓ region.NA.exact — 85/85
✓ region.MAF.min — 88 (min 80)
✓ region.MAF.exact — 88/88
✓ region.EME.min — 85 (min 80)
✓ region.EME.exact — 85/85
✓ region.AS.min — 88 (min 80)
✓ region.AS.exact — 88/88
✓ region.PAC.min — 85 (min 80)
✓ region.PAC.exact — 85/85
✓ region.CAS.min — 85 (min 80)
✓ region.CAS.exact — 85/85
✓ region.set — AS, AU, CAS, EE, EME, MAF, NA, PAC, SA, ZA
✓ region_name.duplicates — none

✅ Food DB verification passed
✓ Food DB verification

Quality Breakdown
-----------------
Core score: 100/100
Stretch score: 10/10
Total quality score: 110/110
Simulation report found: yes
Simulation overall PASS marker: yes
Static contracts 8/8 marker: yes

✅ Quality 110 gate passed
