
> fitquest-mobile@1.0.0 verify:simulation:lite
> node scripts/simulation-verify-lite.mjs

FitQuest Simulation verification (lite)
====================================

→ Phase 10 lite verification

> fitquest-mobile@1.0.0 verify:phase10:lite
> node scripts/phase10-verify-lite.mjs

FitQuest Phase 10 verification (lite)
=====================================

→ Phase 9 lite baseline

> fitquest-mobile@1.0.0 verify:phase9:lite
> node scripts/phase9-verify-lite.mjs

FitQuest Phase 9 verification (lite)
====================================

→ Phase 8 lite baseline

> fitquest-mobile@1.0.0 verify:phase8:lite
> node scripts/phase8-verify-lite.mjs

FitQuest Phase 8 verification (lite)
====================================

→ Phase 7 lite baseline

> fitquest-mobile@1.0.0 verify:phase7:lite
> node scripts/phase7-verify-lite.mjs

FitQuest Phase 7 verification (lite)
====================================

→ Phase 6 lite baseline

> fitquest-mobile@1.0.0 verify:phase6:lite
> node scripts/phase6-verify-lite.mjs

FitQuest Phase 6 verification (lite)
====================================

→ Phase 5 lite baseline

> fitquest-mobile@1.0.0 verify:phase5:lite
> node scripts/phase5-verify-lite.mjs

FitQuest Phase 5 verification (lite)
====================================

→ Phase 4 lite baseline

> fitquest-mobile@1.0.0 verify:phase4:lite
> node scripts/phase4-verify-lite.mjs

FitQuest Phase 4 verification (lite)
====================================

→ Phase 3 lite baseline

> fitquest-mobile@1.0.0 verify:phase3:lite
> node scripts/phase3-verify-lite.mjs

FitQuest Phase 3 verification (lite)
====================================

→ Phase 2 lite baseline

> fitquest-mobile@1.0.0 verify:phase2:lite
> node scripts/phase2-verify-lite.mjs

FitQuest Phase 2 verification (lite)
====================================

→ OAuth preflight

> fitquest-mobile@1.0.0 preflight:oauth
> node scripts/oauth-preflight.mjs

FitQuest OAuth preflight
=======================
✓ Root .env exists
✓ Root env source available — .env.local override loaded
✓ Server .env exists
✓ At least one Google mobile client ID present
✓ Android sign-in client configuration present — fallback client
✓ Google web/iOS fallback client present — web
✓ GOOGLE_CLIENT_ID present in server/.env
✓ Mobile and server Google client IDs aligned
✓ Android package aligned (app.json vs build.gradle) — com.hugelet.fitquest vs com.hugelet.fitquest

Warnings:
- Android-specific Google client ID is missing; using web/iOS fallback for Expo AuthSession

Result: OAuth configuration is ready for Google sign-in.
✓ OAuth preflight

→ Backend smoke (Phase 2)

> fitquest-phase2-backend@0.0.1 smoke:phase2
> node scripts/phase2-smoke.mjs

Phase 2 smoke test starting on http://localhost:8788
[server] [fitquest-backend] listening on http://localhost:8788
✓ health
✓ auth/dev
✓ auth/refresh rotation
✓ me
✓ users/consent
✓ users/migrate
✓ backups create
✓ backups list
✓ backups fetch
✓ backups overwrite
✓ users/export
✓ auth/logout
✓ backups delete
✓ users/data delete
✓ post-delete export check
Phase 2 smoke test passed
[server] [fitquest-backend] SIGTERM received, shutting down…
✓ Backend smoke (Phase 2)

✅ Phase 2 lite verification passed
✓ Phase 2 lite baseline

→ Backend smoke (Phase 3)

> fitquest-phase2-backend@0.0.1 smoke:phase3
> node scripts/phase3-smoke.mjs

Phase 3 smoke test starting on http://localhost:8789
[server] [fitquest-backend] listening on http://localhost:8789
✓ health
✓ auth/dev
✓ backup snapshot
✓ sync/state-meta v1
✓ sync/state-meta latest
✓ sync/events append + dedupe
✓ sync/events list
✓ sync/state-meta conflict
✓ sync/state-meta v2
✓ sync/state-meta latest v2
✓ users/data delete
Phase 3 smoke test passed
[server] [fitquest-backend] SIGTERM received, shutting down…
✓ Backend smoke (Phase 3)

✅ Phase 3 lite verification passed
✓ Phase 3 lite baseline

→ Backend smoke (Phase 4)

> fitquest-phase2-backend@0.0.1 smoke:phase4
> node scripts/phase4-smoke.mjs

Phase 4 smoke test starting on http://localhost:8790
[server] [fitquest-backend] listening on http://localhost:8790
✓ health
✓ auth/dev
✓ analytics consent gate
✓ users/consent
✓ analytics/events ingest
✓ analytics/summary
✓ analytics/tuning-suggestions
✓ users/data delete
Phase 4 smoke test passed
[server] [fitquest-backend] SIGTERM received, shutting down…
✓ Backend smoke (Phase 4)

✅ Phase 4 lite verification passed
✓ Phase 4 lite baseline

→ Typecheck

> fitquest-mobile@1.0.0 typecheck
> tsc --noEmit

✓ Typecheck

→ Adaptive profile tests
[33mThe CJS build of Vite's Node API is deprecated. See https://vite.dev/guide/troubleshooting.html#vite-cjs-node-api-deprecated for more details.[39m

 RUN  v2.1.9 /home/kheleli/dev/backend/projects/mobile_without_server

 ✓ tests/adaptiveTrainingService.test.ts (2 tests) 9ms

 Test Files  1 passed (1)
      Tests  2 passed (2)
   Start at  16:56:42
   Duration  1.63s (transform 165ms, setup 0ms, collect 155ms, tests 9ms, environment 1ms, prepare 233ms)

✓ Adaptive profile tests

✅ Phase 5 lite verification passed
✓ Phase 5 lite baseline

→ Typecheck

> fitquest-mobile@1.0.0 typecheck
> tsc --noEmit

✓ Typecheck

✅ Phase 6 lite verification passed
✓ Phase 6 lite baseline

→ Typecheck

> fitquest-mobile@1.0.0 typecheck
> tsc --noEmit

✓ Typecheck

→ Phase foundation tests
[33mThe CJS build of Vite's Node API is deprecated. See https://vite.dev/guide/troubleshooting.html#vite-cjs-node-api-deprecated for more details.[39m

 RUN  v2.1.9 /home/kheleli/dev/backend/projects/mobile_without_server

 ✓ tests/phaseFoundation.test.ts (2 tests) 12ms

 Test Files  1 passed (1)
      Tests  2 passed (2)
   Start at  16:58:30
   Duration  1.37s (transform 121ms, setup 0ms, collect 99ms, tests 12ms, environment 1ms, prepare 301ms)

✓ Phase foundation tests

→ Phase 7-10 module tests
[33mThe CJS build of Vite's Node API is deprecated. See https://vite.dev/guide/troubleshooting.html#vite-cjs-node-api-deprecated for more details.[39m

 RUN  v2.1.9 /home/kheleli/dev/backend/projects/mobile_without_server

 ✓ tests/phase710Foundations.test.ts (6 tests) 17ms

 Test Files  1 passed (1)
      Tests  6 passed (6)
   Start at  16:58:34
   Duration  1.75s (transform 317ms, setup 0ms, collect 258ms, tests 17ms, environment 1ms, prepare 340ms)

✓ Phase 7-10 module tests

✅ Phase 7 lite verification passed
✓ Phase 7 lite baseline

→ Typecheck

> fitquest-mobile@1.0.0 typecheck
> tsc --noEmit

✓ Typecheck

→ Phase 7-10 module tests
[33mThe CJS build of Vite's Node API is deprecated. See https://vite.dev/guide/troubleshooting.html#vite-cjs-node-api-deprecated for more details.[39m

 RUN  v2.1.9 /home/kheleli/dev/backend/projects/mobile_without_server

 ✓ tests/phase710Foundations.test.ts (6 tests) 14ms

 Test Files  1 passed (1)
      Tests  6 passed (6)
   Start at  16:59:23
   Duration  1.42s (transform 257ms, setup 0ms, collect 209ms, tests 14ms, environment 0ms, prepare 327ms)

✓ Phase 7-10 module tests

✅ Phase 8 lite verification passed
✓ Phase 8 lite baseline

→ Typecheck

> fitquest-mobile@1.0.0 typecheck
> tsc --noEmit

✓ Typecheck

→ Phase foundation tests
[33mThe CJS build of Vite's Node API is deprecated. See https://vite.dev/guide/troubleshooting.html#vite-cjs-node-api-deprecated for more details.[39m

 RUN  v2.1.9 /home/kheleli/dev/backend/projects/mobile_without_server

 ✓ tests/phaseFoundation.test.ts (2 tests) 9ms

 Test Files  1 passed (1)
      Tests  2 passed (2)
   Start at  16:59:52
   Duration  813ms (transform 134ms, setup 0ms, collect 116ms, tests 9ms, environment 1ms, prepare 221ms)

✓ Phase foundation tests

✅ Phase 9 lite verification passed
✓ Phase 9 lite baseline

→ Typecheck

> fitquest-mobile@1.0.0 typecheck
> tsc --noEmit

✓ Typecheck

→ Phase foundation tests
[33mThe CJS build of Vite's Node API is deprecated. See https://vite.dev/guide/troubleshooting.html#vite-cjs-node-api-deprecated for more details.[39m

 RUN  v2.1.9 /home/kheleli/dev/backend/projects/mobile_without_server

 ✓ tests/phase710Foundations.test.ts (6 tests) 8ms
 ✓ tests/phaseFoundation.test.ts (2 tests) 9ms

 Test Files  2 passed (2)
      Tests  8 passed (8)
   Start at  17:00:22
   Duration  1.21s (transform 115ms, setup 0ms, collect 124ms, tests 17ms, environment 1ms, prepare 230ms)

✓ Phase foundation tests

✅ Phase 10 lite verification passed
✓ Phase 10 lite verification

→ Targeted simulation tests
[33mThe CJS build of Vite's Node API is deprecated. See https://vite.dev/guide/troubleshooting.html#vite-cjs-node-api-deprecated for more details.[39m

 RUN  v2.1.9 /home/kheleli/dev/backend/projects/mobile_without_server

 ✓ tests/phase710Foundations.test.ts (6 tests) 9ms
 ✓ tests/adaptiveTrainingService.test.ts (2 tests) 6ms
 ✓ tests/phaseFoundation.test.ts (2 tests) 9ms

 Test Files  3 passed (3)
      Tests  10 passed (10)
   Start at  17:00:25
   Duration  2.39s (transform 181ms, setup 0ms, collect 215ms, tests 24ms, environment 1ms, prepare 433ms)

✓ Targeted simulation tests
✓ route.platform-studio
✓ route.autonomous-center
✓ route.federation-hub
✓ route.enterprise-hardening
✓ menu.platform-studio
✓ menu.autonomous-center
✓ menu.federation-hub
✓ menu.enterprise-hardening

✓ Simulation report: reports/simulation-lite-latest.md

✅ Simulation lite verification passed
