
> fitquest-mobile@1.0.0 typecheck
> tsc --noEmit

