============================================================
  FitCoach Transformer Training Pipeline
============================================================

Loading training data from /home/kheleli/dev/backend/projects/mobile_without server/training/output/fitcoach_train.jsonl...
  Train: 45000 samples
  Test:  5000 samples
  Exercise vocab: 0 exercises

Extracting features...
  Feature dimension: 41
[PyTorch] Not available, skipping
[sklearn] Training MLP fallback for workout generation...
Iteration 1, loss = 0.00364022
Validation score: 0.000000
Iteration 2, loss = 0.00004233
Validation score: 0.000000
Iteration 3, loss = 0.00004091
Validation score: 0.000000
Iteration 4, loss = 0.00004071
Validation score: 0.000000
Iteration 5, loss = 0.00004054
Validation score: 0.000000
Iteration 6, loss = 0.00004037
Validation score: 0.000000
Iteration 7, loss = 0.00004021
Validation score: 0.000000
Iteration 8, loss = 0.00004007
Validation score: 0.000000
Iteration 9, loss = 0.00003992
Validation score: 0.000000
Iteration 10, loss = 0.00003977
Validation score: 0.000000
Iteration 11, loss = 0.00003963
Validation score: 0.000000
Iteration 12, loss = 0.00003948
Validation score: 0.000000
Iteration 13, loss = 0.00003933
Validation score: 0.000000
Iteration 14, loss = 0.00003918
Validation score: 0.000000
Iteration 15, loss = 0.00003903
Validation score: 0.000000
Iteration 16, loss = 0.00003889
Validation score: 0.000000
Iteration 17, loss = 0.00003872
Validation score: 0.000000
Validation score did not improve more than tol=0.000100 for 15 consecutive epochs. Stopping.

  Test R²: 0.0000
  Test MSE: 0.000000

  Saved: /home/kheleli/dev/backend/projects/mobile_without server/assets/models/fitcoach_transformer.json
  Size:  2.61 MB
  Minified: 2.22 MB

✅ FitCoach Transformer training complete!
